[    0.000000] Initializing cgroup subsys cpuset
[    0.00000] Initializing cgroupsuyscpu
[  .000000] Initializin cgroupsubsys cpuacct
[    0.000000] Linux version 4.4.0-143-generic (buildd@lgw01-amd64-041) (gcc version 5.4.0 20160609 (Ubuntu 5.4.0-6ubuntu1~16.04.10) ) #169-Ubuntu SMP Thu Feb 7 07:56:38 UTC 2019 (Ubuntu 4.4.0-143.169-generic 4.4.170)
[    0.000000] Command line: BOOT_IMAGE=/boot/vmlinuz-4.4.0-143-generic root=LABEL=cloudimg-rootfs ro console=tty1 console=ttyS0
[    0.000000] KERNEL supported cpus:
[    0.00000   Intel GenuineIntel
[    0.000000]   AMD AuthenticAMD
[    0.000000]  entaur CentaurHauls
[    0.000000] x86/fpu: xstate_offset[2]:  576, xstate_sizes[2]:  256
[    0.000000] x86/fpu: Supporting XSAVE feature 0x01: 'x87 floating point registers'
[    0.000000] x86/fpu: Supporting XSAVE feature 0x02: 'SSE registers'
[    0.000000] x86/fpu: Supporting XSAVE feature 0x04: 'AVX registers'
[    0.000000] x86/fpu: Enabled xstate features 0x7, context size is 832 bytes, usg 'standard' format.
[    0.000000] e820: BIOS-provided physical RAM map:
[    0.000000] BIOS-e820: [mem 0x0000000000000000-0x000000000009fbff] usable
[    0.000000] BIOS-e820: [mem 0x000000000009fc00-0x000000000009ffff] reserved
[    0.000000] BIOS-e820: [mem 0x00000000000f0000-0x00000000000fffff] reserved
[    0.000000] BIOS-e820: [mem 0x0000000000100000-0x00000000dffeffff] usable
[    0.000000] BIOS-e820: [mem 0x00000000dfff0000-0x00000000dfffffff] ACPI data
[    0.000000] BIOS-e820: [mem 0x00000000fec00000-0x00000000fec00fff] reserved
[    0.000000] BIOS-e820: [mem 0x00000000fee00000-0x00000000fee00fff] reserved
[    0.000000] BIOS-e820: [mem 0x00000000fffc0000-0x00000000ffffffff] reserved
[    0.000000] BIOS-e820: [mem 0x0000000100000000-0x000000011b7fffff] usable
[    0.000000] NX (Execute Disable) prtection: active
[    0.000000] SMBIOS 2.5 present.
[    0.000000] Hypervisor detected: KVM
[    0.000000] e820: last_pfn = 0x11b800 max_arch_pfn = 0x400000000
[    0.000000] MTRR: Disabled
[    0.000000] x86/PAT: MTRRs disabled, skipping PAT initialization too.
[    0.000000] CPU MTRRs all blank - virtualized system.
[    0.000000] x86/PAT: Configuration [0-7]: WB  WT  UC- UC  WB  WT  UC- UC  
[    0.000000] e820: last_pfn = 0xdfff0 max_arch_pfn = 0x400000000
[    0.000000] found SMP MP-table at [mem 0x0009fff0-0x0009ffff] mapped at [ffff88000009fff0]
[    0.000000] Scanning 1 areas for low memory corruption
[    0.000000] RAMDISK: [mem 0x36300000-0x37177fff]
[    0.000000] ACPI: Early table checksum verification disabled
[    0.000000] ACPI: RSDP 0x00000000000E0000 000024 (v02 VBOX  )
[    0.000000] ACPI: XSDT 0x00000000DFFF0030 00003C (v01 VBOX   VBOXXSDT 00000001 ASL  00000061)
[    0.000000] ACPI: FACP 0x00000000DFFF00F0 0000F4 (v04 VBOX   VBOXFACP 00000001 ASL  000061)
[    0.000000] ACPI: DSDT 0x00000000DFFF0470 0021FF (v02 VBOX   VBOXBIOS 00000002 INTL 20180105)
[    0.000000] ACPI: FACS 0x00000000DFFF0200 000040
[    0.000000] ACPI: FACS 0x00000000DFFF0200 000040
[    0.000000] ACPI: APIC 0x00000000DFFF0240 00005C (v02 VBOX   VBOXAPIC 00000001 ASL  00000061)
[    0.000000] ACPI: SSDT 0x00000000DFFF02A0 0001CC (v01 VBOX   VBOXCPUT 00000002 INTL 20180105)
[    0.000000] No NUMA configuration found
[    0.000000] Faking a node at [mem 0x0000000000000000-0x000000011b7fffff]
[    0.000000] NODE_DATA(0) allocated [mem 0x11b7f9000-0x11b7fdfff]
[    0.000000] kvm-clock: Using msrs 4b564d01 and 4b564d00
[    0.000000] kvm-clock: cpu 0, msr 1:1b7f1001, primary cpu clock
[    0.000000] kv-clock: using sched offset of 3882781768 cyces[    0.000000] clocksource: kvm-clock: mask: 0xffffffffffffffff max_cycles: 0x1cd42e4dffb, max_idle_ns: 881590591483 ns
[    0.00000] Zone ranges:
   0.000000]   DMA      [mem 0x00000000001000x0000000000ffffff]
[    0.000000]   DMA32    [mem 0x0000000001000000-0x00000000ffffffff]
[    0.000000]   Normal   [mem 0x000000010000-0x000000011b7fffff]
[    0.0000]   Device   empy
[    0.000000] Movable zone start for each node
[    0.000000] Early memory node ranges
[    0.000000]   node   0: [mem 0x0000000000001000-0x000000000009efff]
[    0.000000]   node   0: [mem 0x0000000000100000-0x00000000dffeffff]
[    0.000000]   node   0: [mem 0x0000000100000000-0x000000011b7fffff]
[    0.000000] Initmem setup node 0 [mem 0x0000000000001000-0x000000011b7fffff]
[    0.000000] ACPI: PM-Timer IO Port: 0x4008
[    0.000000] IOAPIC[0]: apic_id 2, version 32, address 0xfec00000, GSI 0-23
[    0.000000] ACPI: INT_SRC_OVR (bus 0 bus_irq 0 global_irq 2 dfl dfl)
[    0.000000] ACPI: INT_SRC_OVR (bus 0 bus_irq 9 global_irq 9 low level)
[    0.000000] Using ACPI (MADT) for SMP configuration information
[    0.000000] smpboot: Allowing 2 CPUs, 0 hotplug CPUs
[    0.000000] PM: Registered nosave memory: [mem 0x00000000-0x00000fff]
[    0.000000] PM: Registered nosave memory: [mem 0x0009f000-0x0009ffff]
[    0.000000] PM: Registered nosave memory: [mem 0x000a0000-0x000effff]
[    0.000000] PM: Registered nosave memory: [mem 0x000f0000-0x000fffff]
[    0.000000] PM: Registered nosave memory: [mem 0xdfff0000-0xdfffffff]
[    0.000000] PM: Registered nosave memory: [mem 0xe0000000-0xfebfffff]
[    0.000000] PM: Registered nosave memory: [mem 0xfec00000-0xfec00fff]
[    0.000000] PM: Registered nosave memory: [mem 0xfec01000-0xfedfff]
[    0.000000] PM: Registered nosave memory: [mem 0xfee00000-0xf00fff]
[    0.000000] PM:egistered nosave memory: [mem 0xfee01000-0xfffbffff]
[    0.000000] PM: Registered nosave memory: [me0xfffc0000-0xffffffff]
[    0.000000] e820: [mem 0xe0000000-0xfebfffff] available for PCI devices
[    0.00000] Booting paravirtualized kernel on KVM
[    0.000000] clocksource: refined-jiffies: mask: 0xffffffff max_cycles: 0xffffffff, max_idle_ns: 7645519600211568 ns
   0.000000] setup_percpu: NR_CPUS:512 nr_cpumask_bits:512 nr_cpu_ids:2 nr_node_ids:1
[    0.000000] PERCPU: Embedded 34 pages/cpu @ffff88011b400000 s99480 r8192 d31592u1048576
[    0.000000] Built 1 zonelists in Node order, mobility grouping on.  Total pages: 1013912
[    0.000000] Policy zone: Normal
[    0.000000] Kernel command line: BOOT_IMAGE=/boot/vmlinuz-4.4.0-143-generic root=LABEL=cloudimg-rootfs ro console=tty1 console=ttyS0
[    0.000000] PID hash tble entries: 4096 (order: 3, 32768 bytes)
[    0.000000] Memory: 3954508K/4120120K available (8608K kernel code, 1332K rwdata, 4008K rodata, 1484K init, 1316K bss, 165612K reserved, 0K cma-reserved)
[    0.000000] SLUB: HWalign=64, Order=0-3, MinObjects=0, CPUs=2, Nodes=1
[    0.000000] Kernel/User page tables isolation: enabled
[    0.000000] Hierarchical RCU implementation.
[    0.000000] 	Build-time adjustment of leaf fanout to 64.
[    0.000000] 	RCU restricting CPUs from NR_CPUS=512 to nr_cpu_ids=2.
[    0.000000] RCU: Adjusting geometry for rcu_fanout_leaf=64, nr_cpu_ids=2
[    0.000000] NR_IRQS:33024 nr_irqs:440 16
[    0.000000] Console: colour VGA+ 80x25
[    0.000000] console [tty1] enabled
[    0.000000] console [ttyS0] enabled
[    0.000000] tsc: Detected 2808.000 MHz processor
[    1.084249] Calibrating delay loop (skipped) preset value.. 5616.00 BogoMIPS (lpj=11232000)
[    1.088348] pid_max: default: 32768 minimum: 301
[    1.089458] ACPI: Core revision 20150930
[    1.091457] ACPI: 2 ACPI AML tables successfully acquired and loaded
[    1.098129] Security Framework initialized
[    1.098910] Yama: becoming mindful.
[    1.106312] AppArmor: AppArmor initialized
[    1.114153] Dentry cache hash table entries: 524288 (order: 10, 4194304 bytes)
[    1.133160] Inode-cache hash table entries: 262144 (order: 9, 2097152 bytes)
[    1.148433] Mount-cache hash table entries: 8192 (order: 4, 65536 bytes)
[    1.150782] Mountpoint-cache hash table entries: 8192 (order: 4, 65536 bytes)
[    1.169383] Initializing cgroup subsys io
[    1.170268] Initializing cgroup subsys memory
[    1.171151] Initializing cgroup subsys devices
[    1.171998] Initializing cgroup subsys freezer
[    1.173063] Initializing cgroup subsys net_cls
[    1.175252] Initializing cgroup subsys perf_event
[    1.177921] Initializing cgroup subsys net_prio
[    1.183117] Initializing cgroup subsys hugetlb
[    1.187190] Initializing cgroup subsys pids
[    1.200097] mce: CPU supports 0 MCE banks
[    1.206578] Last level iTLB entries: 4KB 64, 2MB 8, 4MB 8
[    1.207686] Last level dTLB entries: 4KB 64, 2MB 0, 4MB 0, 1GB 4
[    1.208779] Spectre V2 : Mitigation: Full generic retpoline
[    1.209829] Spectre V2 : Spectre v2 / SpectreRSB mitigation: Filling RSB on context switch
[    1.211402] Speculative Store Bypass: Vulnerable
[    1.214653] Freeing SMP alternatives memory: 32K
[    1.220355] ftrace: allocating 32278 entries in 127 pages
[    1.269206] smpboot: APIC(0) Converting physical 0 to logical package 0
[    1.270527] smpboot: Max logical packages: 1
[    1.271622] x2apic enabled
[    1.272459] Switched APIC routing to physical x2apic.
[    1.274564] ..TIMER: vector=0x30 apic1=0 pin1=2 apic2=-1 pin2=-1
[    1.385829] smpboot: CPU0: Intel(R) Core(TM) i7-6600U CPU @ 2.60GHz (family: 0x6, model: 0x4e, stepping: 0x3)
[    1.399950] Performance Events: unsupported p6 CPU model 78 no PMU driver, software events only.
[    1.412770] KVM setup paravirtual spinlock
[    1.419812] x86: Booting SMP configuration:
[    1.420844] .... node  #0, CPUs:      #1
[    1.421827] kvm-clock: cpu 1, msr 1:1b7f1041, secondary cpu clock
[    1.442525] mce: CPU supports 0 MCE banks
[    1.478941] x86: Booted up 1 node, 2 CPUs
[    1.490644] smpboot: Total of 2 processors activated (11232.00 BogoMIPS)
[    1.492763] devtmpfs: initialized
[    1.495270] evm: security.selinux
[    1.496216] evm: security.SMACK64
[    1.497142] evm: security.SMACK64EXEC
[    1.498140] evm: security.SMACK64TRANSMUTE
[    1.499210] evm: security.SMACK64MMAP
[    1.502537] evm: security.ima
[    1.503383] evm: security.capability
[    1.509815] clocksource: jiffies: mask: 0xffffffff max_cycles: 0xffffffff, max_idle_ns: 7645041785100000 ns
[    1.511613] futex hash table entries: 512 (order: 3, 32768 bytes)
[    1.512855] pinctrl core: initialized pinctrl subsystem
[    1.513968] RTC time: 10:10:14, date: 03/22/19
[    1.516146] NET: Registered protocol family 16
[    1.526207] cpuidle: using governor ladder
[    1.538447] cpuidle: using governor menu
[    1.546611] PCCT header not found.
[    1.550123] ACPI: bus type PCI registered
[    1.558572] acpiphp: ACPI Hot Plug PCI Controller Driver version: 0.5
[    1.583850] PCI: Using configuration type 1 for base access
[    1.602603] ACPI: Added _OSI(Module Device)
[    1.609079] ACPI: Added _OSI(Processor Device)
[    1.610229] ACPI: Added _OSI(3.0 _SCP Extensions)
[    1.611383] ACPI: Added _OSI(Processor Aggregator Device)
[    1.613368] ACPI: Executed 1 blocks of module-level executable AML code
[    1.621832] ACPI: Interpreter enabled
[    1.622832] ACPI: (supports S0 S5)
[    1.623668] ACPI: Using IOAPIC for interrupt routing
[    1.624965] PCI: Using host bridge windows from ACPI; if necessary, use "pci=nocrs" and report a bug
[    1.635185] ACPI: PCI Root Bridge [PCI0] (domain 0000 [bus 00-ff])
[    1.636335] acpi PNP0A03:00: _OSC: OS supports [ASPM ClockPM Segments MSI]
[    1.647835] acpi PNP0A03:00: _OSC: not requesting OS control; OS requires [ExtendedConfig ASPM ClockPM MSI]
[    1.649637] acpi PNP0A03:00: fail to add MMCONFIG information, can't access extended PCI configuration space under this bridge.
[    1.652432] PCI host bridge to bus 0000:00
[    1.653383] pci_bus 0000:00: root bus resource [io  0x0000-0x0cf7 window]
[    1.654794] pci_bus 0000:00: root bus resource [io  0x0d00-0xffff window]
[    1.656206] pci_bus 0000:00: root bus resource [mem 0x000a0000-0x000bffff window]
[    1.666690] pci_bus 0000:00: root bus resource [mem 0xe0000000-0xfdffffff window]
[    1.674864] pci_bus 0000:00: root bus resource [bus 00-ff]
[    1.688335] pci 0000:00:01.1: legacy IDE quirk: reg 0x10: [io  0x01f0-0x01f7]
[    1.689630] pci 0000:00:01.1: legacy IDE quirk: reg 0x14: [io  0x03f6]
[    1.702719] pci 0000:00:01.1: legacy IDE quirk: reg 0x18: [io  0x0170-0x0177]
[    1.704003] pci 0000:00:01.1: legacy IDE quirk: reg 0x1c: [io  0x0376]
[    1.752315] pci 0000:00:07.0: quirk: [io  0x4000-0x403f] claimed by PIIX4 ACPI
[    1.753819] pci 0000:00:07.0: quirk: [io  0x4100-0x410f] claimed by PIIX4 SMB
[    1.795315] ACPI: PCI Interrupt Link [LNKA] (IRQs 5 9 10 *11)
[    1.798568] ACPI: PCI Interrupt Link [LNKB] (IRQs 5 9 *10 11)
[    1.801199] ACPI: PCI Interrupt Link [LNKC] (IRQs 5 *9 10 11)
[    1.802762] ACPI: PCI Interrupt Link [LNKD] (IRQs 5 9 10 *11)
[    1.808038] ACPI: Enabled 2 GPEs in block 00 to 07
[    1.809390] vgaarb: setting as boot device: PCI:0000:00:02.0
[    1.810438] vgaarb: device added: PCI:0000:00:02.0,decodes=io+mem,owns=io+mem,locks=none
[    1.817389] vgaarb: loaded
[    1.818831] vgaarb: bridge control possible 0000:00:02.0
[    1.821579] SCSI subsystem initialized
[    1.822723] ACPI: bus type USB registered
[    1.824872] usbcore: registered new interface driver usbfs
[    1.826200] usbcore: registered new interface driver hub
[    1.828553] usbcore: registered new device driver usb
[    1.835197] PCI: Using ACPI for IRQ routing
[    1.836577] NetLabel: Initializing
[    1.838666] NetLabel:  domain hash size = 128
[    1.839760] NetLabel:  protocols = UNLABELED CIPSOv4
[    1.845985] NetLabel:  unlabeled traffic allowed by default
[    1.855824] amd_nb: Cannot enumerate AMD northbridges
[    1.859350] clocksource: Switched to clocksource kvm-clock
[    1.866517] AppArmor: AppArmor Filesystem Enabled
[    1.873445] pnp: PnP ACPI init
[    1.878609] pnp: PnP ACPI: found 3 devices
[    1.888259] clocksource: acpi_pm: mask: 0xffffff max_cycles: 0xffffff, max_idle_ns: 2085701024 ns
[    1.890019] NET: Registered protocol family 2
[    1.891110] TCP established hash table entries: 32768 (order: 6, 262144 bytes)
[    1.892673] TCP bind hash table entries: 32768 (order: 7, 524288 bytes)
[    .8368] TCP: Hash talecoigred (established 32768 bind 32768)
[    2.128694] UDP hash table entries: 2048 (order: 4, 65536 bytes)
[  2.00] P-teastae tries: 2048 (order: 4,656 bytes)
[    2.599177] NET: Registered protocol family 1
[    2.600254] pci 0000:00:00.0: Limiting direct PCI/PCI transfers
[    2.601568] pci 0000:00:01.0: Activating ISA DMA hang workarounds
[    2.603106] Unpacking initramfs...

[    2.792100] Freeing initrd memory: 14816K
[    2.808136] PCI-DMA: Using software bounce buffering for IO (SWIOTLB)
     2.809459] software IO TLB: mapped [mem 0xdbff0000-0xdfff0000] (64MB)
[    2.858149] platform rtc_cmos: registered platform RTC device (no PNP device found)
[    2.859772] Scanning for low memory corruption every 60 seconds
[    2.868399] audit: initializing netlink subsys (disabled)
[    2.869726] audit: type=2000 audit(1553249420.071:1): initialized
[    2.871355] Initialise system trusted keyring
[    2.872851] HugeTLB registered 2 MB page size, pre-allocated 0 pages
[    2.876161] zbud: loaded
[    2.877363] VFS: Disk quotas dquot_6.6.0
[    2.881167] VFS: Dquot-cache hash table entries: 512 (order 0, 4096 bytes)
[    2.883016] squashfs: version 4.0 (2009/01/31) Phillip Lougher
[    2.886050] fuse init (API version 7.23)
[    2.887136] Key type big_key registered
[    2.888006] Allocating IMA MOK and blacklist keyrings.
[    2.898106] Key type asymmetric registered
[    2.898960] Asymmetric key parser 'x509' registered
[    2.907861] Block layer SCSI generic (bsg) driver version 0.4 loaded (major 249)
[    2.909471] io scheduler noop registered
[    2.911892] io scheduler deadline registered (default)
[    2.912973] io scheduler cfq registered
[    2.913887] pci_hotplug: PCI Hot Plug PCI Core version: 0.5
[    2.914954] pciehp: PCI Express Hot Plug Controller Driver version: 0.4
[    2.922460] ACPI: AC Adapter [AC] (off-line)
[    2.923585] input: Power Button as /devices/LNXSYSTM:00/LNXPWRBN:00/input/input0
[    2.937008] ACPI: Power Button [PWRF]
[    2.940861] input: Sleep Button as /devices/LNXSYSTM:00/LNXSLPBN:00/input/input1
[    2.949658] ACPI: Sleep Button [SLPF]
[    2.953758] ACPI: Battery Slot [BAT0] (battery present)
[    2.955003] GHES: HEST is not enabled!
[    2.957216] Serial: 8250/16550 driver, 32 ports, IRQ sharing enabled
[   22.983480] 00:02: ttyS0 at I/O 0x3f8 (irq = 4, base_baud = 115200) is a 16550A
[    3.039553] Linux agpgart interface v0.103
[    3.041801] loop: module loaded
[    3.043198] scsi host0: ata_piix
[    3.044265] scsi host1: ata_piix
[    3.045031] ata1: PATA max UDMA/33 cmd 0x1f0 ctl 0x3f6 bmdma 0xd000 irq 14
[    3.047513] ata2: PATA max UDMA/33 cmd 0x170 ctl 0x376 bmdma 0xd008 irq 15
[    3.079254] libphy: Fixed MDIO Bus: probed
[    3.080378] tun: Universal TUN/TAP device driver, 1.6
[    3.081585] tun: (C) 1999-2004 Max Krasnyansky <maxk@qualcomm.com>
[    3.083103] PPP generic driver version 2.4.2
[    3.084291] ehci_hcd: USB 2.0 'Enhanced' Host Controller (EHCI) Driver
[    3.085880] ehci-pci: EHCI PCI platform driver
[    3.111675] ehci-platform: EHCI generic platform driver
[    3.118119] ohci_hcd: USB 1.1 'Open' Host Controller (OHCI) Driver
[    3.179311] ohci-pci: OHCI PCI platform driver
[    3.180481] ohci-platform: OHCI generic platform driver
[    3.227529] uhci_hcd: USB Universal Host Controller Interface driver
[    3.238121] i8042: PNP: PS/2 Controller [PNP0303:PS2K,PNP0f03:PS2M] at 0x60,0x64 irq 1,12
[    3.240236] serio: i8042 KBD port at 0x60,0x64 irq 1
[    3.241185] serio: i8042 AUX port at 0x60,0x64 irq 12
[    3.242237] mousedev: PS/2 mouse device common for all mice
[    3.258401] input: AT Translated Set 2 keyboard as /devices/platform/i8042/serio0/input/input2
[    3.317695] rtc_cmos rtc_cmos: rtc core: registered rtc_cmos as rtc0
[    3.319049] rtc_cmos rtc_cmos: alarms up to one day, 114 bytes nvram
[    3.320310] i2c /dev entries driver
[    3.321194] device-mapper: uevent: version 1.0.3
[    3.322245] device-mapper: ioctl: 4.34.0-ioctl (2015-10-28) initialised: dm-devel@redhat.com
[    3.323977] ledtrig-cpu: registered to indicate activity on CPUs
[    3.325535] NET: Registered protocol family 10
[    3.342856] NET: Registered protocol family 17
[    3.353483] Key type dns_resolver registered
[    3.356041] registered taskstats version 1
[    3.357734] Loading compiled-in X.509 certificates
[    3.35948] Loaded X.509 cer 'ilti autogenerated kerneleyd03773f65dd2b75b71dd5b1e8d0c07b3b6e'
[    3.733313]zsp:oadeusg ol lzo/zbud
[    3.855450] tsc:Refined TSC clocksrc calibration: 2806.356 MHz
[    3.855453] clocksource: tsc: mask: 0xffffffffffffffff max_cycles: 0x2873b4f65db, max_idle_ns: 440795220038 ns
[    4.115217] Key type trusted registered
[    4.120282] Key type encrypted registered
[    4.121296] AppArmor: AppArmor sha1 policy hashing enabled
[    4.122523] ima: No TPM chip found, activating TPM-bypass!
[    4.128777] ima: Allocated hash algorithm: sha1
[    4.135002] evm: HMAC attrs: 0x1
[    4.141382]   Magic number: 11:310:174
[    4.142335] rtc_cmos rtc_cmos: setting system clock to 2019-03-22 10:10:17 UTC (1553249417)
[    4.144655] BIOS EDD facility v0.16 2004-Jun-25, 0 devices found
[    4.145743] EDD information not available.
[    4.147831] Freeing unused kernel memory: 1484K
[    4.163504] Write protecting the kernel read-only data: 14336k
[    4.175593] Freeing unused kernel memory: 1620K
[    4.181177] Freeing unused kernel memory: 88K
Loading, please wait...
starting version[    4.201700] random: systemd-udevd: uninitialized urandom read (16 bytes read, 3 bits of entropy available)
 229
[    4.202016] random: udevadm: uninitialized urandom read (16 bytes read, 3 bits of entropy available)
[    4.202035] random: udevadm: uninitialized urandom read (16 bytes read, 3 bits of entropy available)
[    4.209364] random: udevadm: uninitialized urandom read (16 bytes read, 3 bits of entropy available)
[    4.209414] random: udevadm: uninitialized urandom read (16 bytes read, 3 bits of entropy available)
[    4.209559] random: udevadm: uninitialized urandom read (16 bytes read, 3 bits of entropy available)
[    4.209611] random: udevadm: uninitialized urandom read (16 bytes read, 3 bits of entropy available)
[    4.209651] random: udevadm: uninitialized urandom read (16 bytes read, 3 bits of entropy available)
[    4.209691] random: udevadm: uninitialized urandom read (16 bytes read, 3 bits of entropy available)
[    4.209728] random: udevadm: uninitialized urandom read (16 bytes read, 3 bits of entropy available)
[    4.280385] e1000: Intel(R) PRO/1000 Network Driver - version 7.3.21-k8-NAPI
[    4.284601] e1000: Copyright (c) 1999-2006 Intel Corporation.
[    4.305466] Fusion MPT base driver 3.04.20
[    4.315801] Copyright (c) 1999-2008 LSI Corporation
[    4.413160] Fusion MPT SPI Host driver 3.04.20
[    4.528593] AVX2 version of gcm_enc/dec engaged.
[    4.561279] AES CTR mode by8 optimization enabled
[    4.782557] input: ImExPS/2 Generic Explorer Mouse as /devices/platform/i8042/serio1/input/input4
[    4.856109] e1000 0000:00:03.0 eth0: (PCI:33MHz:32-bit) 02:0a:56:fb:b9:09
[    4.858855] e1000 0000:00:03.0 eth0: Intel(R) PRO/1000 Network Connection
[    5.235979] e1000 0000:00:08.0 eth1: (PCI:33MHz:32-bit) 08:00:27:0c:c0:3f
[    5.238874] e1000 0000:00:08.0 eth1: Intel(R) PRO/1000 Network Connection
[    5.242938] mptbase: ioc0: Initiating bringup
[    5.243054] e1000 0000:00:03.0 enp0s3: renamed from eth0
[    5.320323] e1000 0000:00:08.0 enp0s8: renamed from eth1
[    5.395722] ioc0: LSI53C1030 A0: Capabilities={Initiator}
[    5.581768] scsi host2: ioc0: LSI53C1030 A0, FwRev=00000000h, Ports=1, MaxQ=256, IRQ=20
[    5.708586] scsi 2:0:0:0: Direct-Access     VBOX     HARDDISK         1.0  PQ: 0 ANSI: 5
[    5.738751] scsi target2:0:0: Beginning Domain Validation
[    5.742421] scsi target2:0:0: Domain Validation skipping write tests
[    5.857530] scsi target2:0:0: Ending Domain Validation
[    5.948652] scsi target2:0:0: asynchronous
[    6.073337] scsi 2:0:1:0: Direct-Access     VBOX     HARDDISK         1.0  PQ: 0 ANSI: 5
[    6.092393] scsi target2:0:1: Beginning Domain Validation
[    6.119422] scsi target2:0:1: Domain Validation skipping write tests
[    6.120590] scsi target2:0:1: Ending Domain Validation
[    6.121602] scsi target2:0:1: asynchronous
[    6.127167] sd 2:0:0:0: Attached scsi generic sg0 type 0
[    6.128753] sd 2:0:0:0: [sda] 20971520 512-byte logical blocks: (10.7 GB/10.0 GiB)
[    6.128796] sd 2:0:1:0: Attached scsi generic sg1 type 0
[    6.135571] sd 2:0:1:0: [sdb] 20480 512-byte logical blocks: (10.5 MB/10.0 MiB)
[    6.135781] sd 2:0:1:0: [sdb] Write Protect is off
[    6.135918] sd 2:0:1:0: [sdb] Incomplete mode parameter data
[    6.135920] sd 2:0:1:0: [sdb] Assuming drive cache: write through
[    6.139413] sd 2:0:1:0: [sdb] Attached SCSI disk
[    6.321946] sd 2:0:0:0: [sda] Write Protect is off
[    6.398297] sd 2:0:0:0: [sda] Incomplete mode parameter data
[    6.399560] sd 2:0:0:0: [sda] Assuming drive cache: write through
[    6.404892]  sda: sda1
[    6.407976] sd 2:0:0:0: [sda] Attached SCSI disk
Begin: Loading essential drivers[    7.806047] md: linear personality registered for level -1
 ... [    7.817345] md: multipath personality registered for level -4
[    7.825352] md: raid0 personality registered for level 0
[    7.841070] md: raid1 personality registered for level 1
[    7.919402] raid6: sse2x1   gen() 11036 MB/s
[    7.991377] raid6: sse2x1   xor()  8248 MB/s
[    8.063380] raid6: sse2x2   gen() 13445 MB/s
[    8.135381] raid6: sse2x2   xor()  8932 MB/s
[    8.206028] raid6: sse2x4   gen() 13327 MB/s
[    8.291365] raid6: sse2x4   xor()  9497 MB/s
[    8.363383] raid6: avx2x1   gen() 22163 MB/s
[    8.435399] raid6: avx2x2   gen() 24960 MB/s
[    8.507394] raid6: avx2x4   gen() 27623 MB/s
[    8.518391] raid6: using algorithm avx2x4 gen() 27623 MB/s
[    8.519398] raid6: using avx2x2 recovery algorithm
[    8.521621] xor: automatically using best checksumming function:
[    8.576050]    avx       : 59392.000 MB/sec
[    8.582382] async_tx: api initialized (async)
[    8.593072] md: raid6 personality registered for level 6
[    8.597501] md: raid5 personality registered for level 5
[    8.599616] md: raid4 personality registered for level 4
[    8.607078] md: raid10 personality registered for level 10
done.
Begin: Running /scripts/init-premount ... done.
Begin: Mounting root file system ... Begin: Running /scripts/local-top ... done.
Begin: Running /scripts/local-premount ... [    8.643619] Btrfs loaded
Scanning for Btrfs filesystems
done.
Warning: fsck not present, so sk[    8.711036] EXT4-fs (sda1): INFO: recovery required on readonly filesystem
ipping root file[    8.737753] EXT4-fs (sda1): write access will be enabled during recovery
 system
[    8.780604] EXT4-fs (sda1): recovery complete
[    8.786385] EXT4-fs (sda1): mounted filesystem with ordered data mode. Opts: (null)
done.
Begin: Running /scripts/local-bottom ... done.
Begin: Running /scripts/init-bottom ... done.
[    9.148197] systemd[1]: systemd 229 running in system mode. (+PAM +AUDIT +SELINUX +IMA +APPARMOR +SMACK +SYSVINIT +UTMP +LIBCRYPTSETUP +GCRYPT +GNUTLS +ACL +XZ -LZ4 +SECCOMP +BLKID +ELFUTILS +KMOD -IDN)
[    9.171560] systemd[1]: Detected virtualization oracle.
[    9.190456] systemd[1]: Detected architecture x86-64.

Welcome to [1mUbuntu 16.04.6 LTS[0m!

[    9.210393] systemd[1]: Set hostname to <ubuntu-xenial>.
[    9.518787] systemd[1]: Listening on /dev/initctl Compatibility Named Pipe.
[[0;32m  OK  [0m] Listening on /dev/initctl Compatibility Named Pipe.
[    9.539883] systemd[1]: Listening on udev Control Socket.
[[0;32m  OK  [0m] Listening on udev Control Socket.
[    9.575294] systemd[1]: Listening on Syslog Socket.
[[0;32m  OK  [0m] Listening on Syslog Socket.
[    9.594069] systemd[1]: Created slice System Slice.
[[0;32m  OK  [0m] Created slice System Slice.
[    9.622907] systemd[1]: Started Forward Password Requests to Wall Directory Watch.
[[0;32m  OK  [0m] Started Forward Password Requests to Wall Directory Watch.
[    9.628876] systemd[1]: Created slice User and Session Slice.
[[0;32m  OK  [0m] Created slice User and Session Slice.
[    9.663953] systemd[1]: Reached target Slices.
[[0;32m  OK  [0m] Reached target Slices.
[    9.672642] systemd[1]: Listening on LVM2 metadata daemon socket.
[[0;32m  OK  [0m] Listening on LVM2 metadata daemon socket.
[    9.706152] systemd[1]: Listening on Device-mapper event daemon FIFOs.
[[0;32m  OK  [0m] Listening on Device-mapper event daemon FIFOs.
[    9.737783] systemd[1]: Listening on udev Kernel Socket.
[[0;32m  OK  [0m] Listening on udev Kernel Socket.
[    9.773510] systemd[1]: Listening on LVM2 poll daemon socket.
[[0;32m  OK  [0m] Listening on LVM2 poll daemon socket.
[    9.807938] systemd[1]: Listening on Journal Audit Socket.
[[0;32m  OK  [0m] Listening on Journal Audit Socket.
[    9.829093] systemd[1]: Listening on Journal Socket.
[[0;32m  OK  [0m] Listening on Journal Socket.
[    9.855664] systemd[1]: Starting Load Kernel Modules...
         Starting Load Kernel Modules...
[    9.887787] Loading iSCSI transport class v2.0-870.
[    9.903707] systemd[1]: Mounting Debug File System...
         Mounting Debug File System...
[    9.913192] systemd[1]: Starting Create list of required static device nodes for the current kernel...
[    9.916848] iscsi: registered transport (tcp)
         Starting Create list of required st... nodes for the current kernel...
[    9.971489] iscsi: registered transport (iser)
[    9.983949] systemd[1]: Starting Monitoring of LVM2 mirrors, snapshots etc. using dmeventd or progress polling...
[    9.991467] random: nonblocking pool is initialized
         Starting Monitoring of LVM2 mirrors... dmeventd or progress polling...
[   10.023675] systemd[1]: Starting Nameserver information manager...
         Starting Nameserver information manager...
[   10.083522] systemd[1]: Mounting Huge Pages File System...
         Mounting Huge Pages File System...
[   10.089482] systemd[1]: Starting Set console keymap...
         Starting Set console keymap...
[   10.116599] systemd[1]: Starting Remount Root and Kennel File Systems...
[   10.260050] EXT4-fs (sda1): re-mounted. Opts: (null)
         Starting Remount Root and Kernel File Systems...
[   10.311891] systemd[1]: Starting Uncomplicated firewall...
         Starting Uncomplicated [   10.349310] ip_tables: (C) 2000-2006 Netfilter Core Team
firewall...
[   10.378862] nf_conntrack version 0.5.0 (16384 buckets, 65536 max)
[   11.123555] systemd[1]: Mounting POSIX Message Queue File System...
[   11.136654] ip6_tables: (C) 2000-2006 Netfilter Core Team
         Mounting POSIX Message Queue File System...
[   11.139981] systemd[1]: Listening on Journal Socket (/dev/log).
[[0;32m  OK  [0m] Listening on Journal Socket (/dev/log).
[   11.183872] systemd[1]: Starting Journal Service...
         Starting Journal Service...
[   11.220400] systemd[1]: Created slice system-serial\x2dgetty.slice.
[[0;32m  OK  [0m] Created slice system-serial\x2dgetty.slice.
[   11.227343] systemd[1]: Reached target User and Group Name Lookups.
[[0;32m  OK  [0m] Reached target User and Group Name Lookups.
[   11.272789] systemd[1]: Started Trigger resolvconf update for networkd DNS.
[[0;32m  OK  [0m] Started Trigger resolvconf update for networkd DNS.
[   11.310223] systemd[1]: Set up automount Arbitrary Executable File Formats File System Automount Point.
[[0;32m  OK  [0m] Set up automount Arbitrary Executab...ats File System Automount Point.
[   11.319396] systemd[1]: Reached target System Time Synchronized.
[[0;32m  OK  [0m] Reached target System Time Synchronized.
[   11.323565] systemd[1]: Reached target Encrypted Volumes.
[[0;32m  OK  [0m] Reached target Encrypted Volumes.
[   11.339550] systemd[1]: Reached target Swap.
[[0;32m  OK  [0m] Reached target Swap.
[   11.440087] systemd[1]: Mounted Huge Pages File System.
[[0;32m  OK  [0m] Mounted Huge Pages File System.
[   11.487617] systemd[1]: Mounted POSIX Message Queue File System.
[[0;32m  OK  [0m] Mounted POSIX Message Queue File System.
[   11.539253] systemd[1]: Mounted Debug File System.
[[0;32m  OK  [0m] Mounted Debug File System.
[   11.546099] systemd[1]: Started Journal Service.
[[0;32m  OK  [0m] Started Journal Service.
[[0;32m  OK  [0m] Started Load Kernel Modules.
[[0;32m  OK  [0m] Started Create list of required sta...ce nodes for the current kernel.
[[0;32m  OK  [0m] Started Set console keymap.
[[0;32m  OK  [0m] Started Remount Root and Kernel File Systems.
[[0;32m  OK  [0m] Started Uncomplicated firewall.
[[0;32m  OK  [0m] Started Nameserver information manager.
[[0;32m  OK  [0m] Started LVM2 metadata daemon.
         Starting Load/Save Random Seed...
         Starting udev Coldplug all Devices...
         Starting Create Static Device Nodes in /dev...
         Mounting FUSE Control File System...
         Starting Apply Kernel Variables...
         Starting Flush Journal to Persistent Storage...
[[0;32m  OK  [0m] Mounted FUSE Control File System.
[[0;32m  OK  [0m] Started Load/Save Random Seed.
[[0;32m  OK  [0m] Started Monitoring of LVM2 mirrors,...ng dmeventd or progress polling.
[[0;32m  OK  [0m] Started Create Static Device Nodes in /dev.
[[0;32m  OK  [0m] Started Apply Kernel Variables.
[[0;32m  OK  [0m] Started udev Coldplug all Devices.
         Starting udev Kernel Device Manager...
[[0;32m  OK  [0m] Reached target Local File Systems (Pre).
[[0;32m  OK  [0m] Reached target Local File Systems.
         Starting Tell Plymouth To Write Out Runtime Data...
         Starting Initial cloud-init job (pre-networking)...
         Starting LSB: AppArmor initialization...
         Starting Set console font and keymap...
[[0;32m  OK  [0m] Started udev Kernel Device Manager.
[[0;32m  OK  [0m] Started Flush Journal to Persistent Storage.
[[0;32m  OK  [0m] Started Tell Plymouth To Write Out Runtime Data.
[[0;32m  OK  [0m] Found device /dev/ttyS0.
         Starting Create Volatile Files and Directories...
[[0;32m  OK  [0m] Started Dispatch Password Requests to Console Directory Watch.
[[0;32m  OK  [0m] Started Create Volatile Files and Directories.
[[0;32m  OK  [0m] Listening on Load/Save RF Kill Switch Status /dev/rfkill Watch.
         Starting Update UTMP about System Boot/Shutdown...
[[0;32m  OK  [0m] Started Update UTMP about System Boot/Shutdown.
[[0;32m  OK  [0m] Found device 82540EM Gigabit Ethern...r (PRO/1000 MT Desktop Adapter).
[[0;32m  OK  [0m] Found device 82540EM Gigabit Ethern...r (PRO/1000 MT Desktop Adapter).
[[0;32m  OK  [0m] Started LSB: AppArmor initialization.
[[0;32m  OK  [0m] Started Set console font and keymap.
[[0;32m  OK  [0m] Created slice system-getty.slice.
[   12.612442] cloud-init[544]: Cloud-init v. 18.5-45-g3554ffe8-0ubuntu1~16.04.1 running 'init-local' at Fri, 22 Mar 2019 10:10:27 +0000. Up 12.31 seconds.
[[0;32m  OK  [0m] Started Initial cloud-init job (pre-networking).
[[0;32m  OK  [0m] Reached target Network (Pre).
[[0;32m  OK  [0m] Started ifup for enp0s8.
         Starting Raise network interfaces...
[[0;32m  OK  [0m] Started ifup for enp0s3.
[[0;32m  OK  [0m] Started Raise network interfaces.
[[0;32m  OK  [0m] Reached target Network.
         Starting Initial cloud-init job (metadata service crawler)...
[   13.668414] cloud-init[1136]: Cloud-init v. 18.5-45-g3554ffe8-0ubuntu1~16.04.1 running 'init' at Fri, 22 Mar 2019 10:10:27 +0000. Up 13.20 seconds.
[   13.717233] cloud-init[1136]: ci-info: ++++++++++++++++++++++++++++++++++++++Net device info+++++++++++++++++++++++++++++++++++++++
[   13.721857] cloud-init[1136]: ci-info: +--------+------+-----------------------------+---------------+--------+-------------------+
[[0;32m  OK  [0m] Started Initial cloud-init job (metadata service crawler).
[   13.755113] cloud-init[1136]: ci-info: | Device |  Up  |           Address           |      Mask     | Scope  |     Hw-Address    |[[0;32m  OK  [0m] Reached target System Initialization.
[[0;32m  OK  [0m] Listening on UUID daemon activation socket.

[   13.780845] [[0;32m  OK  [0m] Started Daily apt download activities.
[[0;32m  OK  [0m] Started Daily apt upgrade and clean activities.
cloud-init[1136]: ci-info: +--------+------+-----------------------------+---------------+--------+-------------------+
[   13.787882] [[0;32m  OK  [0mcloud-init] [1136]: Listening on D-Bus System Message Bus Socket.ci-info: | enp0s3 | True |          10.0.2.15          | 255.255.255.0 | global | 02:0a:56:fb:b9:09 |

[   13.790712] [[0;32m  OK  [0m] cloud-initStarted Daily Cleanup of Temporary Directories.
[1136]:          Starting Socket activation for snappy daemon.
ci-info: | enp0s3 | True |  fe80::a:56ff:fefb:b909/64  |       .       |  link  | 02:0a:56:fb:b9:09 |
[   13.844366] [cloud-init[0;32m  OK  [0m[1136]: ] ci-info: | enp0s8 | True |         10.71.13.12         | 255.255.255.0 | global | 08:00:27:0c:c0:3f |Started ACPI Events Check.

[[0;32m  OK  [0m] Reached target Paths.
[   13.844822] cloud-init[1136]: ci-info: | enp0s8 | True | fe80::a00:27ff:fe0c:c03f/64 |       .       |  link  | 08:00:27:0c:c0:3f |
         Starting LXD - unix socket.
[   13.966461] [cloud-init[0;32m  OK  [0m[1136]: ] ci-info: |   lo   | True |          127.0.0.1          |   255.0.0.0   |  host  |         .         |Listening on ACPID Listen Socket.

[   14.020492] [[0;32m  OK  [0m] Reached target Timers.
[[0;32m  OK  [0m] Reached target Cloud-config availability.
[[0;32m  OK  [0m] Reached target Network is Online.
cloud-init[1136]: ci-info: |   lo   | True |           ::1/128           |       .       |  host  |         .         |
[   14.068388]          Starting iSCSI initiator daemon (iscsid)...cloud-init
[1136]: ci-info: +--------+------+-----------------------------+---------------+--------+-------------------+
[   14.091005] cloud-init[1136]: ci-info: +++++++++++++++++++++++++++Route IPv4 info++++++++++++++++++++++++++++
[[0;32m  OK  [0m] Listening on Socket activation for snappy daemon.
[   14.146291] cloud-init[1136]: ci-info: +-------+-------------+----------+---------------+-----------+-------+
[[0;32m  OK  [0m] Listening on LXD - unix socket.
[   14.220487] cloud-init[1136]: ci-info: | Route | Destination | Gateway  |    Genmask    | Interface | Flags |
[   14.252585] cloud-init[1136]: ci-info: +-------+-------------+----------+---------------+-----------+-------+
[   14.296374] cloud-init[1136]: ci-info: |   0   |   0.0.0.0   | 10.0.2.2 |    0.0.0.0    |   enp0s3  |   UG  |
[[0;32m  OK  [0m] Reached target Sockets.
[   14.323894] cloud-init[1136]: ci-info: |   1   |   10.0.2.0  | 0.0.0.0  | 255.255.255.0 |   enp0s3  |   U   |
[   14.357690] cloud-init[1136]: ci-info: |   2   |  10.71.13.0 | 0.0.0.0  | 255.255.255.0 |   enp0s8  |   U   |
[   14.357833] cloud-init[1136]: ci-info: +-------+-------------+----------+---------------+-----------+-------+
[   14.357950] cloud-init[1136]: ci-info: +++++++++++++++++++Route IPv6 info+++++++++++++++++++
[   14.358125] cloud-init[1136]: ci-info: +-------+-------------+---------+-----------+-------+
[   14.359154] cloud-init[1136]: ci-info: | Route | Destination | Gateway | Interface | Flags |
[   14.359285] cloud-init[1136]: ci-info: +-------+-------------+---------+-----------+-------+
[   14.359402] cloud-init[1136]: ci-info: |   0   |  fe80::/64  |    ::   |   enp0s8  |   U   |
[   14.359518] cloud-init[1136]: ci-info: |   1   |  fe80::/64  |    ::   |   enp0s3  |   U   |
[   14.359642] cloud-init[1136]: ci-info: |   4   |   ff00::/8  |    ::   |   enp0s8  |   U   |
[   14.359819] cloud-init[1136]: ci-info: |   5   |   ff00::/8  |    ::   |   enp0s3  |   U   |
[[0;32m  OK  [0m] Reached target Basic System.
[   14.360307] cloud-init[1136]: ci-info: +-------+-------------+---------+-----------+-------+
         Starting LSB: MD monitoring daemon...
         Starting Accounts Service...
         Starting LXD - container startup/shutdown...
         Starting LSB: Record successful boot for GRUB...
[[0;32m  OK  [0m] Started FUSE filesystem for LXC.
         Starting Snappy daemon...
         Starting OpenBSD Secure Shell server...
         Starting System Logging Service...
         Starting Login Service...
         Starting /etc/rc.local Compatibility...
[[0;32m  OK  [0m] Started Unattended Upgrades Shutdown.
[[0;32m  OK  [0m] Started Deferred execution scheduler.
[[0;32m  OK  [0m] Started D-Bus System Message Bus.
[[0;32m  OK  [0m] Started ACPI event daemon.
         Starting Virtualbox guest utils...
[[0;32m  OK  [0m] Started Regular background program processing daemon.
[[0;32m  OK  [0m] Started System Logging Service.
[[0;32m  OK  [0m] Started iSCSI initiator daemon (iscsid).
[[0;32m  OK  [0m] Started /etc/rc.local Compatibility.
[[0;32m  OK  [0m] Started OpenBSD Secure Shell server.
[[0;32m  OK  [0m] Started LSB: MD monitoring daemon.
[[0;32m  OK  [0m] Started Login Service.
[[0;32m  OK  [0m] Started LSB: Record successful boot for GRUB.
[[0;32m  OK  [0m] Started LXD - container startup/shutdown.
         Starting Authenticate and Authorize Users to Run Privileged Tasks...
         Starting Login to default iSCSI targets...
[[0;32m  OK  [0m] Started Authenticate and Authorize Users to Run Privileged Tasks.
[[0;32m  OK  [0m] Started Accounts Service.
[[0;32m  OK  [0m] Started Virtualbox guest utils.
[[0;32m  OK  [0m] Started Login to default iSCSI targets.
[[0;32m  OK  [0m] Reached target Remote File Systems (Pre).
[[0;32m  OK  [0m] Reached target Remote File Systems.
         Starting Permit User Sessions...
         Starting LSB: daemon to balance interrupts for SMP systems...
         Starting LSB: automatic crash report generation...
         Starting LSB: Apache2 web server...
         Starting LSB: Set the CPU Frequency Scaling governor to "ondemand"...
[[0;32m  OK  [0m] Started Permit User Sessions.
[[0;32m  OK  [0m] Started Snappy daemon.
         Starting Wait until snapd is fully seeded...
         Starting Terminate Plymouth Boot Screen...
         Starting Hold until boot process finishes up...
[[0;32m  OK  [0m] Started LSB: daemon to balance interrupts for SMP systems.
[[0;32m  OK  [0m] Started LSB: automatic crash report generation.
[[0;32m  OK  [0m] Started LSB: Set the CPU Frequency Scaling governor to "ondemand".
[[0;32m  OK  [0m] Started Wait until snapd is fully seeded.
[[0;32m  OK  [0m] Started Terminate Plymouth Boot Screen.
[[0;32m  OK  [0m] Started Hold until boot process finishes up.
[[0;32m  OK  [0m] Started Getty on tty1.
[[0;32m  OK  [0m] Started Serial Getty on ttyS0.
[[0;32m  OK  [0m] Reached target Login Prompts.
         Starting Set console scheme...
         Starting Apply the settings specified in cloud-config...
[[0;32m  OK  [0m] Started Set console scheme.
[[0;32m  OK  [0m] Started LSB: Apache2 web server.
[[0;32m  OK  [0m] Reached target Multi-User System.
[[0;32m  OK  [0m] Reached target Graphical Interface.
         Starting Update UTMP about System Runlevel Changes...
[[0;32m  OK  [0m] Started Update UTMP about System Runlevel Changes.
[   16.708060] cloud-init[1396]: Cloud-init v. 18.5-45-g3554ffe8-0ubuntu1~16.04.1 running 'modules:config' at Fri, 22 Mar 2019 10:10:31 +0000. Up 16.60 seconds.
[[0;32m  OK  [0m] Started Apply the settings specified in cloud-config.
         Starting Execute cloud user/final scripts...
[[0;32m  OK  [0m] Created slice User Slice of vagrant.
         Starting User Manager for UID 1000...
[[0;32m  OK  [0m] Started Session 1 of user vagrant.
[[0;32m  OK  [0m] Started User Manager for UID 1000.
[   17.152626] cloud-init[1470]: Cloud-init v. 18.5-45-g3554ffe8-0ubuntu1~16.04.1 running 'modules:final' at Fri, 22 Mar 2019 10:10:31 +0000. Up 17.04 seconds.
[   17.157645] cloud-init[1470]: Cloud-init v. 18.5-45-g3554ffe8-0ubuntu1~16.04.1 finished at Fri, 22 Mar 2019 10:10:31 +0000. Datasource DataSourceNoCloud [seed=/dev/sdb][dsmode=net].  Up 17.14 seconds
[[0;32m  OK  [0m] Started Execute cloud user/final scripts.
[[0;32m  OK  [0m] Reached target Cloud-init target.

Ubuntu 16.04.6 LTS ubuntu-xenial ttyS0

ubuntu-xenial login: 