[  0000000] Initiaizg rop subsys cpuset
[    0.000000] Initializing cgroup subsys cpu
[    0.000000] Initializing cgroup subsys cpuacct
[    0.000000] Linux version 4.4.0-143-generic (buildd@lgw01-amd64-041) (gcc version 5.4.0 20160609 (Ubuntu 5.4.0-6ubuntu1~16.04.10) ) #169-Ubuntu SMP Thu Feb 7 07:56:38 UTC 2019 (Ubuntu 4.4.0-143.169-generic 4.4.170)
[    0.000000] Command line: BOOT_IMAGE=/boot/vmlinuz-4.4.0-143-generic root=LABEL=cloudimg-rootfs ro console=tty1 console=ttyS0
[    0.000000] KERNEL supported cpus:
[    0.000000]   Intel GenuineInte
[   0.000000]   AMD AuthenticAMD
[    0.000000]   Centaur CentaurHauls
[    0.000000] x86/fpu: xstate_offset[2]:  576, xstate_sizes[2]:  256
[    0.000000] x86/fpu: Supporting XSAVE feature 0x01: 'x87 floating point registers'
[    0.000000] x8fpu: Supporting XSAVE feature 0x02: 'SSE registers'
[    0.000000] x86/fpu: Supporting XSAVE feature 0x04: 'AVX registers'
[    0.000000] x86/fpu: Enabled xstate features 0x7, context size is 832 bytes, using 'standard' format.
[    0.000000] e820: BIOS-provided physical RAM map:
[   0.000000] BIOS-e820 [m x000000000000000-0x000000000009fbff] usable
[    0.000000] BIOS-e820: [mem 0x000000000009fc00-0x000000000009ffff] reserved
[    0.000000] BIOS-e820: [mem 0x00000000000f0000-0x00000000000fffff] reserved
[    0.000000] BIOS-e820: [mem 0x0000000000100000-000000dffeffff] usable
[    0.000000] BIOS-e820: [mem 0x00000000dfff0000-0x00000000dfffffff] ACPI data
[    0.000000] BIOS-e820: [mem 0x00000000fec00000-0x00000000fec00fff] reserved
[    0.000000] BIOS-e820: [mem 0x00000000fee00000-0x00000000fee00fff] reserved
[    0.000000] BIOS-e820: [mem 0x00000000fffc0000-0x00000000ffffffff] reserved
   0.000000] BIOS-e820: [mem 0x0000000100000000-0x000000011b7fffff] usable
[    0.000000] NX (Execute Disable) protection: active  0.00000] SMBIOS 2.5 present.
[    0.000000] Hypervisor detected: KVM
[    0.000000] e820: last_pfn = 0x11b800 max_arch_pfn = 0x400000000
[    0.000000] MTRR: Disabled
[    0.000000] x86/ATMTRRs disabled, skipping PAT initialization too.
[    0.000000] CPU MTRRs all blank - virtualized system.
[    0.000000] x86/PAT: Configuration [0-7]: WB  WT  UC- UC  WB  WT  UC- UC  
[    0.000000] e820: last_pfn = 0xdfff0 max_arch_pfn = 0x400000000
[    0.000000] found SMP MP-table at [mem 0x0009fff0-0x0009ffff] mapped at [ffff88000009fff0]
[    0.000000] Scanning 1 areas for low memory corruption
[    0.000000] RAMDISK: [mem 0x36300000-0x37177fff
[    0.000000] ACPI: Early table checksum verification disabled
[    0.000000] ACPI: RSDP 0x00000000000E0000 000024 (v02 VBOX  )
[    0.000000] ACPI: XSDT 0x00000000DFFF0030 00003C (v01 VBOX   VBOXXSDT 00000001 ASL  00000061)
[    0.000000] ACPI: FACP 0x00000000DFFF00F0 0000F4 (v04 VBOX   VBOXFACP 00000001 ASL  00000061)
[    0.000000] ACPI: DSDT 0x00000000DFFF0470 0021FF (v02 VBOX   VBOXBIOS 00000002 INTL 20180105)
[    0.000000] ACPI: FACS 0x00000000DFFF0200 000040
[    0.000000] ACPI: FACS 0x00000000DFFF0200 000040
[    0.000000] ACPI: APIC 0x00000000DFFF0240 00005C (v02 VBOX   VBOXAPIC 00000001 ASL  00000061)
[    0.000000] ACPI: SSDT 0x00000000DFFF02A0 0001CC (v01 VBOX   VBOXCPUT 00000002 INTL 20180105)
[    0.000000] No NUMA configuration found
[    0.000000] Faking a node at [mem 0x0000000000000000-0x000000011b7fffff]
[    0.000000] NODE_DATA(0) allocated [mem 0x11b7f9000-0x11b7fdfff]
[    0.000000] kvm-clock: Using msrs 4b564d01 and 4b564d00
[    0.000000] kvm-clock: cpu 0, msr 1:1b7f1001, primary cpu clock
[    0.000000] kvm-clock: using sched offset of 3079443979 cycles
[    0.000000] clocksource: kvm-clock: mask: 0xffffffffffffffff max_cycles: 0x1cd42e4dffb, max_idle_ns: 881590591483 ns
[    0.000000] Zone ranges:
[    0.000000]   DMA      [mem 0x0000000000001000-0x0000000000ffffff]
[    0.000000]   DMA32    [mem 0000000001000000-0x00000000ffffffff]
[    0.000000]   Normal   [mem 0x0000000100000000-0x000000011b7fffff]
[    0.000000]   Device   empty
[    0.000000] Movable zone start for each node
[    0.000000] Early memory node ranges
[    0.000000]   node   0: [mem 0x0000000000001000-0x000000000009efff]
[  000000]   node   0: [mem 0x0000000000100000-0x00000000dffeffff]
[    0.000000]   node   0: [mem 0x0000000100000000-0x000000011b7fffff]
[    0.000000] Initmem setup node 0 [mem 0x0000000000001000-0x000000011b7fffff]
[    0.000000] ACPI: PM-Timer IO Port: 0x4008
[    0.000000] IOAPIC[0]: apic_id 2, vrsion 32, address 0xfec00000, GSI 0-23
[    0.000000] ACPI: INT_SRC_OVR (bus 0 bus_irq 0 global_irq 2 dfl dfl)
[    0.000000] ACPI: INT_SRC_OVR (bus 0 bus_irq 9 global_irq 9 low level)
[    0.000000] Using ACPI (MADT) for SMP configuration information
[    0.000000] smpboot: Allowing 2 CPUs, 0 hotplug CPUs
[    0.000000] PM: Registered nosave memory: [mem 0x00000000-0x00000fff]
[    0.000000] PM: Registered nosave memory: [mem 0x0009f000-0x0009ffff]
[    0.000000] PM: Registered nosave memory: [mem 0x000a0000-0x000effff]
[    0.000000] PM: Registered nosave memory: [mem 0x000f0000-0x000fffff]
[    0.000000] PM: Registered nosave memory: [mem 0xdfff0000-0xdfffffff]
[    0.000000] PM: Registered nosave memory: [mem 0xe0000000-0xfebfffff]
[    0.000000] PM: Registered nosave memory: [mem 0xfec00000-0xfec00fff]
[    0.000000] PM: Registered nosave memory: [mem 0xfec01000-0xfedfffff]
[    0.000000] PM: Registered nosave mmemory: [mem 0xfee00000-0xfee00fff]
[    0.000000] PM: Registered nosave memory: [mem 0xfee01000-0xfffbffff]
[    0.000000] PM: Registered nosave memory: [mem 0xfffc0000-0xffffffff]
[    0.000000] e820: [mem 0xe0000000-0xfebfffff] available for PCI devices
[    0.000000] Booting paravirtualized kernel on KVM
[    0.000000] clocksource: refined-jiffies: mask: 0xffffffff max_cycles: 0xffffffff, max_idle_ns: 7645519600211568 ns
[    0.000000] setup_percpu: NR_CPUS:512 nr_cpumask_bits:512 nr_cpu_ids:2 nr_node_ids:1
[    0.000000] PERCPU: Embedded 34 pages/cpu @ffff88011b400000 s99480 r8192 d31592 u1048576
[    0.000000] Built 1 zonelists in Node order, mobility grouping on.  Total pages: 1013912
[    0.000000] Policy zone: Normal
[    0.000000] Kernel command line: BOOT_IMAGE=/boot/vmlinuz-4.4.0-143-generic root=LABEL=cloudimg-rootfs ro console=tty1 console=ttyS0
[    0.000000] PID hash table entries: 4096 (order: 3, 32768 bytes)
[    0.000000] Memory: 3954508K/4120120K available (8608K kernel code, 1332K rwdata, 4008K rodata, 1484K init, 1316K bss, 165612K reserved, 0K cma-reserved)
[    0.000000] SLUB: HWalign=64, Order=0-3, MinObjects=0, CPUs=2, Nodes=1
[    0.000000] Kernel/User page tables isolation: enabled
[    0.000000] Hierarchical RCU implementation.
[    0.000000] 	Build-time adjustment of leaf fanout to 64.
[    0.000000] 	RCU restricting CPUs from NR_CPUS=512 to nr_cpu_ids=2.
[    0.000000] RCU: Adjusting geometry for rcu_fanout_leaf=64, nr_cpu_ids=2
[    0.000000] NR_IRQS:33024 nr_irqs:40 16
[    0.000000] Console: colour VGA+ 80x25
[    0.000000] console [tty1] enabled
[    0.000000] console [ttyS0] enabled
[    0.000000] tsc: Detected 3999.996 MHz processor
[    0.570716] Calibrating delay loop (skipped) preset value.. 7999.99 BogoMIPS (lpj=15999984)
[    0.571889] pid_max: default: 32768 minimum: 301
[    0.572523] ACPI: Core revision 20150930
[    0.573677] ACPI: 2 ACPI AML tables successfully acquired and loaded
[    0.574760] Security Framework initialized
[    0.575360] Yama: becoming mindful.
[    0.575898] AppArmor: AppArmor inialized
[    0.593576] Dentry cache hash table entries: 524288 (order: 10, 4194304 bytes)
[    0.595747] Inode-cache hash table entries: 262144 (order: 9, 2097152 bytes)
[    0.596824] Mount-cache hash table entries: 8192 (order: 4, 65536 bytes)
[    0.597685] Mounntpoint-cache hash table entries: 8192 (order: 4, 65536 bytes)
[    0.599061] Initializing cgroup subsys io
[    0.599639] Initializing cgroup subsys memory
[    0.600251] Initializing cgroup subsys devices
[    0.600869] Initializing cgroup subsys freezer
[    0.601499] Initializing cgroup subsys net_cls
[    0.602204] Initializing cgroup subsys perf_event
[    0.602902] Initializing cgroup subsys net_prio
[    0.603549] Initializing cgroup subsys hugetlb
[    0.604166] Initializing cgroup subsys pids
[    0.610731] mce: CPU supports 0 MCE banks
[    0.611322] Last level iTLB entries: 4KB 1024, 2MB 1024, 4MB 1024
[    0.612110] Last level dTLB entries: 4KB 1024, 2MB 1024, 4MB 1024, 1GB 4
[    0.612970] Spectre V2 : Mitigation: Full generic retpoline
[    0.613708] Spectre V2 : Spectre v2 / SpectreRSB mitigation: Filling RSB on context switch
[    0.614877] Speculative Store Bypass: Vulnerable
[    0.617014] Freeing SMP alternatives memory: 32K
[    0.620796] ftrace: allocating 32278 entries in 127 pages
[    0.653761] smpboot: APIC(0) Converting physical 0 to logical package 0
[    0.654585] smpboot: Max logical packages: 1
[    0.655319] x2apic enabled
[    0.655884] Switched APIC routing to physical x2apic.
[    0.657311] ..TIMER: vector=0x30 apic1=0 pin1=2 apic2=-1 pin2=-1
[    0.765625] smpboot: CPU0: Intel(R) Core(TM) i7-4790K CPU @ 4.00GHz (family: 0x6, model: 0x3c, stepping: 0x3)
[    0.803317] Performance Events: unsupported p6 CPU model 60 no PMU driver, software events only.
[    0.816496] KVM setup paravirtual spinlock
[    0.817594] x86: Booting SMP configuration:
[    0.818218] .... node  #0, CPUs:      #1
[    0.818886] kvm-clock: cpu 1, msr 1:1b7f1041, secondary cpu clock
[    0.820206] mce: CPU supports 0 MCE banks
[    0.822619] x86: Booted up 1 node, 2 CPUs
[    0.823256] smpboot: Total of 2 processors activated (15999.98 BogoMIPS)
[    0.824188] devtmpfs: initialized
[    0.825718] evm: security.selinux
[    0.826222] evm: security.SMACK64
[    0.826719] evm: security.SMACK64EXEC
[    0.827253] evm: security.SMACK64TRANSMUTE
[    0.827809] evm: security.SMACK64MMAP
[    0.828322] evm: security.ima
[    0.828770] evm: security.capability
[    0.829380] clocksource: jiffies: mask: 0xffffffff max_cycles: 0xffffffff, max_idle_ns: 7645041785100000 ns
[    0.830601] futex hash table entries: 512 (order: 3, 32768 bytes)
[    0.831454] pinctrl core: initialized pinctrl subsystem
[    0.832195] RTC time: 20:36:56, date: 03/21/19
[    0.832917] NET: Registered protocol family 16
[    0.841877] cpuidle: using governor ladder
[    0.894142] cpuidle: using governor menu
[    0.967786] PCCT header not found.
[    1.028690] ACPI: bus type PCI registered
[    1.094779] acpiphp: ACPI Hot Plug PCI Controller Driver version: 0.5
[    1.113521] PCI: Using configuration type 1 for base access
[    1.126735] ACPI: Added _OSI(Module Device)
[    1.127787] ACPI: Added _OSI(Processor Device)
[    1.128858] ACPI: Added _OSI(3.0 _SCP Extensions)
[    1.129980] ACPI: Added _OSI(Processor Aggregator Device)
[    1.132013] ACPI: Executed 1 blocks of module-level executable AML code
[    1.135839] ACPI: Interpreter enabled
[    1.136485] ACPI: (supports S0 S5)
[    1.137064] ACPI: Using IOAPIC for interrupt routing
[    1.137884] PCI: Using host bridge windows from ACPI; if necessary, use "pci=nocrs" and report a bug
[    1.141284] ACPI: PCI Root Bridge [PCI0] (domain 0000 [bus 00-ff])
[    1.142131] acpi PNP0A03:00: _OSC: OS supports [ASPM ClockPM Segments MSI]
[    1.143060] acpi PNP0A03:00: _OSC: not requesting OS control; OS requires [ExtendedConfig ASPM ClockPM MSI]
[    1.147369] acpi PNP0A03:00: fail to add MMCONFIG information, can't access extended PCI configuration space under this bridge.
[    1.155323] PCI host bridge to bus 0000:00
[    1.155926] pci_bus 0000:00: root bus resource [io  0x0000-0x0cf7 window]
[    1.156804] pci_bus 0000:00: root bus resource [io  0x0d00-0xffff window]
[    1.206056] pci_bus 0000:00: root bus resource [mem 0x000a0000-0x000bffff window]
[    1.220751] pci_bus 0000:00: root bus resource [mem 0xe0000000-0xfdffffff window]
[    1.231335] pci_bus 0000:00: root bus resource [bus 00-ff]
[    1.233029] pci 0000:00:01.1: legacy IDE quirk: reg 0x10: [io  0x01f0-0x01f7]
[    1.233981] pci 0000:00:01.1: legacy IDE quirk: reg 0x14: [io  0x03f6]
[    1.234702] pci 0000:00:01.1: legacy IDE quirk: reg 0x18: [io  0x0170-0x0177]
[    1.235437] pci 0000:00:01.1: legacy IDE quirk: reg 0x1c: [io  0x0376]
[    1.278697] pci 0000:00:07.0: quirk: [io  0x4000-0x403f] claimed by PIIX4 ACPI
[    1.279739] pci 0000:00:07.0: quirk: [io  0x4100-0x410f] claimed by PIIX4 SMB
[    1.308689] ACPI: PCI Interrupt Link [LNKA] (IRQs 5 9 10 *11)
[    1.310011] ACPI: PCI Interrupt Link [LNKB] (IRQs 5 9 *10 11)
[    1.311108] ACPI: PCI Interrupt Link [LNKC] (IRQs 5 *9 10 11)
[    1.312225] ACPI: PCI Interrupt Link [LNKD] (IRQs 5 9 10 *11)
[    1.313427] ACPI: Enabled 2 GPEs in block 00 to 07
[    1.314422] vgaarb: setting as boot device: PCI:0000:00:02.0
[    1.315225] vgaarb: device added: PCI:0000:00:02.0,decodes=io+mem,owns=io+mem,locks=none
[    1.316672] vgaarb: loaded
[    1.317308] vgaarb: bridge control possible 0000:00:02.0
[    1.318455] SCSI subsystem initialized
[    1.324413] ACPI: bus type USB registered
[    1.325039] usbcore: registered new interface driver usbfs
[    1.325770] usbcore: registered new interface driver hub
[    1.326489] usbcore: registered new device driver usb
[    1.327308] PCI: Using ACPI for IRQ routing
[    1.328081] NetLabel: Initializing
[    1.328592] NetLabel:  domain hash size = 128
[    1.329226] NetLabel:  protocols = UNLABELED CIPSOv4
[    1.329900] NetLabel:  unlabeled traffic allowed by default
[    1.330707] amd_nb: Cannot enumerate AMD northbridges
[    1.331706] clocksource: Switched to clocksource kvm-clock
[    1.337684] AppArmor: AppArmor Filesystem Enabled
[    1.338408] pnp: PnP ACPI init
[    1.339366] pnp: PnP ACPI: found 3 devices
[   3440clksrce: acpi_pm: mask: 0xffffff max_cycles: 0xffffff, max_idle_ns: 2085701024 ns
[    1.545994] NET: Registered protocol family 2

[    1.546706] TCP established hash table entries: 32768 (order: 6, 262144 bytes)
[    1.547742] TCP bind hash table entries: 32768 (order: 7, 524288 bytes)
[    1.595201] TCP: Hash tables configured (established 32768 bind 32768)
[    1.595889] UDP hash table entries: 2048 (order: 4, 65536 bytes)
[    1.596544] UDP-Lite hash table entries: 2048 (order: 4, 65536 bytes)
[    1.597256] NET: Registered protocol family 1
[    1.597782] pci 0000:00:00.0: Limiting direct PCI/PCI transfers
[    1.598406] pci 0000:00:01.0: Activating ISA DMA hang workarounds
[    1.599120] Unpacking initramfs...
[    1.731507] Freeing initrd memory: 14816K
[    1.732182] PCI-DMA: Using software bounce buffering for IO (SWIOTLB)
[    1.733010] software IO TLB: mapped [mem 0xdbff0000-0xdfff0000] (64MB)
[    1.733886] RAPL PMU detected, API unit is 2^-32 Joules, 4 fixed counters 10737418240 ms ovfl timer
[    1.735100] hw unit of domain pp0-core 2^-0 Joules
[    1.735759] hw unit of domain package 2^-0 Joules
[    1.736400] hw unit of domain dram 2^-0 Joules
[    1.737056] hw unit of domain pp1-gpu 2^-0 Joules
[    1.737755] platform rtc_cmos: registered platform RTC device (no PNP device found)
[    1.738849] Scanning for low memory corruption every 60 seconds
[    1.739900] audit: initializing netlink subsys (disabled)
[    1.740634] audit: type=2000 audit(1553200621.900:1): initialized
[    1.741605] Initialise system trusted keyring
[    1.742320] HugeTLB registered 2 MB page size, pre-allocated 0 pages
[    1.744009] zbud: loaded
[    1.744657] VFS: Disk quotas dquot_6.6.0
[    1.745256] VFS: Dquot-cache hash table entries: 512 (order 0, 4096 bytes)
[    1.746552] squashfs: version 4.0 (2009/01/31) Phillip Lougher
[    1.747512] fuse init (API version 7.23)
[    1.748209] Key type big_key registered
[    1.748781] Allocating IMA MOK and blacklist keyrings.
[    1.750228] Key type asymmetric registered
[    1.750813] Asymmetric key parser 'x509' registered
[    1.751494] Block layer SCSI generic (bsg) driver version 0.4 loaded (major 249)
[    1.752589] io scheduler noop registered
[    1.753162] io scheduler deadline registered (default)
[    1.753863] io scheduler cfq registered
[    1.754483] pci_hotplug: PCI Hot Plug PCI Core version: 0.5
[    1.755221] pciehp: PCI Express Hot Plug Controller Driver version: 0.4
[    1.756168] ACPI: AC Adapter [AC] (on-line)
[    1.756803] input: Power Button as /devices/LNXSYSTM:00/LNXPWRBN:00/input/input0
[    1.757853] ACPI: Power Button [PWRF]
[    1.758427] input: Sleep Button as /devices/LNXSYSTM:00/LNXSLPBN:00/input/input1
[    1.759466] ACPI: Sleep Button [SLPF]
[    1.760130] GHES: HEST is not enabled!
[    1.760785] Serial: 8250/16550 driver, 32 ports, IRQ sharing enabled
[    1.782720] 00:02: ttyS0 at I/O 0x3f8 (irq = 4, base_baud = 115200) is a 16550A
[    1.785385] Linux agpgart interface v0.103
[    1.787123] loop: module loaded
[    1.788020] scsi host0: ata_piix
[    1.788608] scsi host1: ata_piix
[    1.789127] ata1: PATA max UDMA/33 cmd 0x1f0 ctl 0x3f6 bmdma 0xd000 irq 14
[    1.789990] ata2: PATA max UDMA/33 cmd 0x170 ctl 0x376 bmdma 0xd008 irq 15
[    1.791066] libphy: Fixed MDIO Bus: probed
[    1.791657] tun: Universal TUN/TAP device driver, 1.6
[    1.792347] tun: (C) 1999-2004 Max Krasnyansky <maxk@qualcomm.com>
[    1.793202] PPP generic driver version 2.4.2
[    1.793869] ehci_hcd: USB 2.0 'Enhanced' Host Controller (EHCI) Driver
[    1.794701] ehci-pci: EHCI PCI platform driver
[    1.795325] ehci-platform: EHCI generic platform driver
[    1.796042] ohci_hcd: USB 1.1 'Open' Host Controller (OHCI) Driver
[    1.796841] ohci-pci: OHCI PCI platform driver
[    1.797463] ohci-platform: OHCI generic platform driver
[    1.798163] uhci_hcd: USB Universal Host Controller Interface driver
[    1.799012] i8042: PNP: PS/2 Controller [PNP0303:PS2K,PNP0f03:PS2M] at 0x60,0x64 irq 1,12
[    1.800471] serio: i8042 KBD port at 0x60,0x64 irq 1
[    1.801150] serio: i8042 AUX port at 0x60,0x64 irq 12
[    1.801951] mousedev: PS/2 mouse device common for all mice
[    1.802891] input: AT Translated Set 2 keyboard as /devices/platform/i8042/serio0/input/input2
[    1.804344] rtc_cmos rtc_cmos: rtc core: registered rtc_cmos as rtc0
[    1.805190] rtc_cmos rtc_cmos: alarms up to one day, 114 bytes nvram
[    1.806001] i2c /dev entries driver
[    1.806552] device-mapper: uevent: version 1.0.3
[    1.807249] device-mapper: ioctl: 4.34.0-ioctl (2015-10-28) initialised: dm-devel@redhat.com
[    1.808422] ledtrig-cpu: registered to indicate activity on CPUs
[    1.809471] NET: Registered protocol family 10
[    1.810250] NET: Registered protocol family 17
[    1.810881] Key type dns_resolver registered
[    1.811761] registered taskstats version 1
[    1.812358] Loading compiled-in X.509 certificates
[    1.813449] Loaded X.509 cert 'Build time autogenerated kernel key: d03773f65dd2b75b701d4dd50cb1e8d0c07b3b6e'
[    1.814754] zswap: loaded using pool lzo/zbud
[    1.816590] Key type trusted registered
[    1.819210] Key type encrypted registered
[    1.819811] AppArmor: AppArmor sha1 policy hashing enabled
[    1.820543] ima: No TPM chip found, activating TPM-bypass!
[    1.821273] ima: Allocated hash algorithm: sha1
[    1.821904] evm: HMAC attrs: 0x1
[    1.822608]   Magic number: 11:263:650
[    1.823162] tty ttyprintk: hash matches
[    1.823796] rtc_cmos rtc_cmos: setting system clock to 2019-03-21 20:36:57 UTC (1553200617)
[    1.825041] BIOS EDD facility v0.16 2004-Jun-25, 0 devices found
[    1.825883] EDD information not available.
[    1.946775] Freeing unused kernel memory: 1484K
[    1.949435] Write protecting the kernel read-only data: 14336k
[    1.953118] Freeing unused kernel memory: 1620K
[    1.954066] Freeing unused kernel memory: 88K
Loading, please wait...
starting version 229
[    1.964547] random: systemd-udevd: uninitialized urandom read (16 bytes read, 2 bits of entropy available)
[    1.965221] random: udevadm: uninitialized urandom read (16 bytes read, 2 bits of entropy available)
[    1.965239] random: udevadm: uninitialized urandom read (16 bytes read, 2 bits of entropy available)
[    1.971682] random: udevadm: uninitialized urandom read (16 bytes read, 2 bits of entropy available)
[    1.971717] random: udevadm: uninitialized urandom read (16 bytes read, 2 bits of entropy available)
[    1.971843] random: udevadm: uninitialized urandom read (16 bytes read, 2 bits of entropy available)
[    1.971884] random: udevadm: uninitialized urandom read (16 bytes read, 2 bits of entropy available)
[    1.971924] random: udevadm: uninitialized urandom read (16 bytes read, 2 bits of entropy available)
[    1.971962] random: udevadm: uninitialized urandom read (16 bytes read, 2 bits of entropy available)
[    1.972003] random: udevadm: uninitialized urandom read (16 bytes read, 2 bits of entropy available)
[    2.387492] Fusion MPT base driver 3.04.20
[    2.388806] Copyright (c) 1999-2008 LSI Corporation
[    2.394501] Fusion MPT SPI Host driver 3.04.20
[    2.394624] e1000: Intel(R) PRO/1000 Network Driver - version 7.3.21-k8-NAPI
[    2.394624] e1000: Copyright (c) 1999-2006 Intel Corporation.
[    2.418756] AVX2 version of gcm_enc/dec engaged.
[    2.420047] AES CTR mode by8 optimization enabled
[    2.611442] input: ImExPS/2 Generic Explorer Mouse as /devices/platform/i8042/serio1/input/input4
[    2.735810] tsc: Refined TSC clocksource calibration: 4000.141 MHz
[    2.741918] clocksource: tsc: mask: 0xffffffffffffffff max_cycles: 0x39a8e1b85c5, max_idle_ns: 440795236169 ns
[    2.755844] e1000 0000:00:03.0 eth0: (PCI:33MHz:32-bit) 02:0a:56:fb:b9:09
[    2.764055] e1000 0000:00:03.0 eth0: Intel(R) PRO/1000 Network Connection
[    3.455031] e1000 0000:00:08.0 eth1: (PCI:33MHz:32-bit) 08:00:27:5a:29:76
[    3.461394] e1000 0000:00:08.0 eth1: Intel(R) PRO/1000 Network Connection
[    3.463794] e1000 0000:00:03.0 enp0s3: renamed from eth0
[    3.465322] mptbase: ioc0: Initiating bringup
[    3.476061] e1000 0000:00:08.0 enp0s8: renamed from eth1
[    3.535972] ioc0: LSI53C1030 A0: Capabilities={Initiator}
[    3.709811] scsi host2: ioc0: LSI53C1030 A0, FwRev=00000000h, Ports=1, MaxQ=256, IRQ=20
[    3.872264] scsi 2:0:0:0: Direct-Access     VBOX     HARDDISK         1.0  PQ: 0 ANSI: 5
[    3.879003] scsi target2:0:0: Beginning Domain Validation
[    3.886365] scsi target2:0:0: Domain Validation skipping write tests
[    3.900036] scsi target2:0:0: Ending Domain Validation
[    3.900852] scsi target2:0:0: asynchronous
[    3.902085] scsi 2:0:1:0: Direct-Access     VBOX     HARDDISK         1.0  PQ: 0 ANSI: 5
[    3.905552] scsi target2:0:1: Beginning Domain Validation
[    3.906892] scsi target2:0:1: Domain Validation skipping write tests
[    3.907704] scsi target2:0:1: Ending Domain Validation
[    3.908421] scsi target2:0:1: asynchronous
[    3.911990] sd 2:0:0:0: Attached scsi generic sg0 type 0
[    3.912739] sd 2:0:0:0: [sda] 20971520 512-byte logical blocks: (10.7 GB/10.0 GiB)
[    3.913907] sd 2:0:1:0: Attached scsi generic sg1 type 0
[    3.914705] sd 2:0:1:0: [sdb] 20480 512-byte logical blocks: (10.5 MB/10.0 MiB)
[    3.915667] sd 2:0:0:0: [sda] Write Protect is off
[    3.916403] sd 2:0:0:0: [sda] Incomplete mode parameter data
[    3.917040] sd 2:0:0:0: [sda] Assuming drive cache: write through
[    3.917689] sd 2:0:1:0: [sdb] Write Protect is off
[    3.918454] sd 2:0:1:0: [sdb] Incomplete mode parameter data
[    3.919066] sd 2:0:1:0: [sdb] Assuming drive cache: write through
[    3.922138]  sda: sda1
[    3.923290] sd 2:0:0:0: [sda] Attached SCSI disk
[    3.924177] sd 2:0:1:0: [sdb] Attached SCSI disk
Begin: Loading e[    5.168920] md: linear personality registered for level -1
ssential drivers ... [    5.174060] md: multipath personality registered for level -4
[    5.177707] md: raid0 personality registered for level 0
[    5.187830] md: raid1 personality registered for level 1
[    5.287772] raid6: sse2x1   gen() 10778 MB/s
[    5.375815] raid6: sse2x1   xor()  8888 MB/s
[    5.447779] raid6: sse2x2   gen() 13891 MB/s
[    5.519760] raid6: sse2x2   xor()  9589 MB/s
[    5.591770] raid6: sse2x4   gen() 14339 MB/s
[    5.667742] raid6: sse2x4   xor() 10944 MB/s
[    5.743822] raid6: avx2x1   gen() 21196 MB/s
[    5.815790] raid6: avx2x2   gen() 24918 MB/s
[    5.887766] raid6: avx2x4   gen() 33418 MB/s
[    5.888457] raid6: using algorithm avx2x4 gen() 33418 MB/s
[    5.889226] raid6: using avx2x2 recovery algorithm
[    5.891097] xor: automatically using best checksumming function:
[    5.948528]    avx       : 87606.000 MB/sec
[    5.959789] async_tx: api initialized (async)
[    5.968420] md: raid6 personality registered for level 6
[    5.969252] md: raid5 personality registered for level 5
[    5.975361] md: raid4 personality registered for level 4
[    5.981747] md: raid10 personality registered for level 10
done.
Begin: Running /scripts/init-premount ... done.
Begin: Mounting root file system ... Begin: Running /scripts/local-top ... done.
Begin: Running /[    6.021165] Btrfs loaded
scripts/local-premount ... Scanning for Btrfs filesystems
done.
Warning: fsck no[    6.043972] EXT4-fs (sda1): mounted filesystem with ordered data mode. Opts: (null)
t present, so skipping root file system
done.
Begin: Running /scripts/local-bottom ... done.
Begin: Running /scripts/init-bottom ... done.
[    6.161506] systemd[1]: systemd 229 running in system mode. (+PAM +AUDIT +SELINUX +IMA +APPARMOR +SMACK +SYSVINIT +UTMP +LIBCRYPTSETUP +GCRYPT +GNUTLS +ACL +XZ -LZ4 +SECCOMP +BLKID +ELFUTILS +KMOD -IDN)
[    6.257873] systemd[1]: Detected virtualization oracle.
[    6.258564] systemd[1]: Detected architecture x86-64.

Welcome to [1mUbuntu 16.04.6 LTS[0m!

[    6.276189] systemd[1]: Set hostname to <ubuntu>.
[    6.278922] systemd[1]: Initializing machine ID from random generator.
[    6.281347] systemd[1]: Installed transient /etc/machine-id file.
[    6.392993] systemd[1]: Listening on Journal Socket (/dev/log).
[[0;32m  OK  [0m] Listening on Journal Socket (/dev/log).
[    6.401052] systemd[1]: Reached target User and Group Name Lookups.
[[0;32m  OK  [0m] Reached target User and Group Name Lookups.
[    6.402924] systemd[1]: Reached target Encrypted Volumes.
[[0;32m  OK  [0m] Reached target Encrypted Volumes.
[    6.404542] systemd[1]: Started Trigger resolvconf update for networkd DNS.
[[0;32m  OK  [0m] Started Trigger resolvconf update for networkd DNS.
[    6.406419] systemd[1]: Reached target System Time Synchronized.
[[0;32m  OK  [0m] Reached target System Time Synchronized.
[    6.408137] systemd[1]: Listening on Syslog Socket.
[[0;32m  OK  [0m] Listening on Syslog Socket.
[    6.409635] systemd[1]: Listening on /dev/initctl Compatibility Named Pipe.
[[0;32m  OK  [0m] Listening on /dev/initctl Compatibility Named Pipe.
[    6.411694] systemd[1]: Created slice User and Session Slice.
[[0;32m  OK  [0m] Created slice User and Session Slice.
[    6.413375] systemd[1]: Reached target Swap.
[[0;32m  OK  [0m] Reached target Swap.
[    6.414772] systemd[1]: Started Forward Password Requests to Wall Directory Watch.
[[0;32m  OK  [0m] Started Forward Password Requests to Wall Directory Watch.
[    6.416927] systemd[1]: Listening on LVM2 poll daemon socket.
[[0;32m  OK  [0m] Listening on LVM2 poll daemon socket.
[    6.418674] systemd[1]: Set up automount Arbitrary Executable File Formats File System Automount Point.
[[0;32m  OK  [0m] Set up automount Arbitrary Executab...ats File System Automount Point.
[    6.421145] systemd[1]: Listening on LVM2 metadata daemon socket.
[[0;32m  OK  [0m] Listening on LVM2 metadata daemon socket.
[    6.422949] systemd[1]: Listening on Journal Audit Socket.
[[0;32m  OK  [0m] Listening on Journal Audit Socket.
[    6.424608] systemd[1]: Listening on Journal Socket.
[[0;32m  OK  [0m] Listening on Journal Socket.
[    6.426118] systemd[1]: Listening on Device-mapper event daemon FIFOs.
[[0;32m  OK  [0m] Listening on Device-mapper event daemon FIFOs.
[    6.428038] systemd[1]: Created slice System Slice.
[[0;32m  OK  [0m] Created slice System Slice.
[    6.443790] systemd[1]: Mounting POSIX Message Queue File System...
         Mounting POSIX Message Queue File System...
[    6.447432] systemd[1]: Starting Set console keymap...
         Starting Set console keymap...
[    6.449427] systemd[1]: Reached target Slices.
[[0;32m  OK  [0m] Reached target Slices.
[    6.451922] systemd[1]: Mounting Debug File System...
         Mounting Debug File System...
[    6.455930] systemd[1]: Mounting Huge Pages File System...
         Mounting Huge Pages File System...
[    6.465291] systemd[1]: Created slice system-serial\x2dgetty.slice.
[[0;32m  OK  [0m] Created slice system-serial\x2dgetty.slice.
[    6.467504] systemd[1]: Starting Create list of required static device nodes for the current kernel...
         Starting Create list of required st... nodes for the current kernel...
[    6.470142] systemd[1]: Starting Remount Root and Kernel File Systems...
         Starting Remount Root and Kernel File Systems...
[    6.472477] systemd[1]: Starting Monitoring of LVM2 mirrors, snapshots etc. using dmeventd or progress polling...
         Starting Monitoring of LVM2 mirrors... dmeventd or progress polling...
[    6.483559] EXT4-fs (sda1): re-mounted. Opts: (null)
[    6.483769] systemd[1]: Starting Nameserver information manager...
         Starting Nameserver information manager...
[    6.492859] systemd[1]: Listening on udev Control Socket.
[[0;32m  OK  [0m] Listening on udev Control Socket.
[    6.540106] systemd[1]: Starting Uncomplicated firewall...
         Starting Uncomplicated firewall...
[    6.581710] systemd[1]: Starting Journal Service...
         Starting Journal Service...
[    6.646309] systemd[1]: Starting Load Kernel Modules...
         Starting Load Kernel Modules...
[    6.647694] systemd[1]: Listening on udev Kernel Socket.
[[0;32m  OK  [0m] Listening on udev Kernel Socket.
[    6.650615] systemd[1]: Mounted Huge Pages File System.
[[0;32m  OK  [0m] Mounted Huge Pages File System.
[    6.651812] systemd[1]: Mounted POSIX Message Queue File System.
[[0;32m  OK  [0m] Mounted POSIX Message Queue File System.
[    6.653218] systemd[1]: Mounted Debug File System.
[    6.653970] Loading iSCSI transport class v2.0-870.
[[0;32m  OK  [0m] Mounted Debug File System.
[    6.654930] systemd[1]: Started Journal Service.
[[0;32m  OK  [0m] Started Journal Service.
[[0;32m  OK  [0m] Started Set console keymap.
[[0;32m  OK  [0m] Started Create list of required sta...ce nodes for the current kernel.
[[0;32m  OK  [0m] Started Remo[    6.663329] iscsi: registered transport (tcp)
unt Root and Kernel File Systems.
[[0;32m  OK  [[    6.681662] iscsi: registered transport (iser)
0m] Started Uncomplicated firewall.
[[0;32m  OK  [0m] Started Load Kernel Modules.
[[0;32m  OK  [0m] Started Nameserver information manager.
[[0;32m  OK  [0m] Started LVM2 metadata daemon.
         Starting Apply Kernel Variables...
         Mounting FUSE Control File System...
         Starting udev Coldplug all Devices...
         Starting Load/Save Random Seed...
         Starting Create Static Device Nodes in /dev...
         Starting Flush Journal to Persistent Storage...
[[0;32m  OK  [0m] Mounted FUSE Control File System.
[[0;32m  OK  [0m] Started Apply Kernel Variables.
[[0;32m  OK  [0m] Started Load/Save Random Seed.
[[0;32m  OK  [0m] Started Create Static Device Nodes in /dev.
[[0;32m  OK  [0m] Started udev Coldplug all Devices.
[[0;32m  OK  [0m] Started Flush Journal to Persistent Storage.
         Starting udev Kernel Device Manager...
[[0;32m  OK  [0m] Started udev Kernel Device Manager.
[[0;32m  OK  [0m] Started Dispatch Password Requests to Console Directory Watch.
[[0;32m  OK  [0m] Started Monitoring of LVM2 mirrors,...ng dmeventd or progress polling.
[[0;32m  OK  [0m] Reached target Local File Systems (Pre).
[[0;32m  OK  [0m] Reached target Local File Systems.
         Starting Create Volatile Files and Directories...
         Starting Tell Plymouth To Write Out Runtime Data...
         Starting Initial cloud-init job (pre-networking)...
         Starting Commit a transient machine-id on disk...
         Starting Set console font and keymap...
         Starting LSB: AppArmor initialization...
[[0;32m  OK  [0m] Started Create Volatile Files and Directories.
[[0;32m  OK  [0m] Started Tell Plymouth To Write Out Runtime Data.
[[0;32m  OK  [0m] Started Commit a transient machine-id on disk.
[[0;32m  OK  [0m] Found device /dev/ttyS0.
[[0;32m  OK  [0m] Listening on Load/Save RF Kill Switch Status /dev/rfkill Watch.
         Starting Update UTMP about System Boot/Shutdown...
[[0;32m  OK  [0m] Started Update UTMP about System Boot/Shutdown.
[[0;32m  OK  [0m] Started Set console font and keymap.
[[0;32m  OK  [0m] Started LSB: AppArmor initialization.
[[0;32m  OK  [0m] Created slice system-getty.slice.
[    7.012476] cloud-init[518]: Cloud-init v. 18.5-45-g3554ffe8-0ubuntu1~16.04.1 running 'init-local' at Thu, 21 Mar 2019 20:37:03 +0000. Up 6.67 seconds.
[[0;32m  OK  [0m] Started Initial cloud-init job (pre-networking).
[[0;32m  OK  [0m] Reached target Network (Pre).
         Starting Raise network interfaces...
[[0;32m  OK  [0m] Started Raise network interfaces.
[[0;32m  OK  [0m] Reached target Network.
         Starting Initial cloud-init job (metadata service crawler)...
[    7.804797] cloud-init[960]: Cloud-init v. 18.5-45-g3554ffe8-0ubuntu1~16.04.1 running 'init' at Thu, 21 Mar 2019 20:37:04 +0000. Up 7.41 seconds.
[    7.809490] cloud-init[960]: ci-info: ++++++++++++++++++++++++++++++++++++++Net device info++++++++++++++++++++++++++++++++++++++
[    7.811088] cloud-init[960]: ci-info: +--------+-------+---------------------------+---------------+--------+-------------------+
[    7.812584] cloud-init[960]: ci-info: | Device |   Up  |          Address          |      Mask     | Scope  |     Hw-Address    |
[    7.814297] cloud-init[960]: ci-info: +--------+-------+---------------------------+---------------+--------+-------------------+
[    7.815884] cloud-init[960]: ci-info: | enp0s3 |  True |         10.0.2.15         | 255.255.255.0 | global | 02:0a:56:fb:b9:09 |
[    7.831603] cloud-init[960]: ci-info: | enp0s3 |  True | fe80::a:56ff:fefb:b909/64 |       .       |  link  | 02:0a:56:fb:b9:09 |
[    7.833598] cloud-init[960]: ci-info: | enp0s8 | False |             .             |       .       |   .    | 08:00:27:5a:29:76 |
[    7.840989] cloud-init[960]: ci-info: |   lo   |  True |         127.0.0.1         |   255.0.0.0   |  host  |         .         |
[    7.845170] cloud-init[960]: ci-info: |   lo   |  True |          ::1/128          |       .       |  host  |         .         |
[[0;32m  OK  [0m] Started Initial cloud-init job (metadata service crawler).
[    7.877562] cloud-init[960]: ci-info: +--------+-------+---------------------------+---------------+--------+-------------------+
[    7.900976] cloud-init[960]: ci-info: +++++++++++++++++++++++++++Route IPv4 info++++++++++++++++++++++++++++
[    7.902268] cloud-init[960]: ci-info: +-------+-------------+----------+---------------+-----------+-------+
[    7.904037] cloud-init[960]: ci-info: | Route | Destination | Gateway  |    Genmask    | Interface | Flags |
[    7.947500] cloud-init[960]: ci-info: +-------+-------------+----------+---------------+-----------+-------+
[[0;32m  OK  [0m] Reached target Network is Online.
[    7.961443] cloud-init[960]: ci-info: |   0   |   0.0.0.0   | 10.0.2.2 |    0.0.0.0    |   enp0s3  |   UG  |
[    7.989325] cloud-init[960]: ci-info: |   1   |   10.0.2.0  | 0.0.0.0  | 255.255.255.0 |   enp0s3  |   U   |
[    7.991898] cloud-init[960]: ci-info: +-------+-------------+----------+---------------+-----------+-------+
[    7.993287] cloud-init[960]: ci-info: +++++++++++++++++++Route IPv6 info+++++++++++++++++++
[    8.020323] cloud-init[960]: ci-info: +-------+-------------+---------+-----------+-------+
[    8.021519] cloud-init[960]: ci-info: | Route | Destination | Gateway | Interface | Flags |
[    8.024180]          cloud-initStarting iSCSI initiator daemon (iscsid)...[960]: 
ci-info: +-------+-------------+---------+-----------+-------+
[    8.026819] [[0;32m  OK  [0m] Reached target Cloud-config availability.
[[0;32m  OK  [0m] Reached target System Initialization.
cloud-init[960]: ci-info: |   0   |  fe80::/64  |    ::   |   enp0s3  |   U   |
[[0;32m  OK  [0m] Started Daily apt download activities.
[    8.033557] [[0;32m  OK  [0m] Listening on D-Bus System Message Bus Socket.
[[0;32m  OK  [0m] Listening on ACPID Listen Socket.
cloud-init[960]: ci-info: |   3   |   ff00::/8  |    ::   |   enp0s3  |   U   |[[0;32m  OK  [0m] Started ACPI Events Check.

[    8.048213] [cloud-init[0;32m  OK  [0m[960]: ] ci-info: +-------+-------------+---------+-----------+-------+Reached target Paths.

[    8.092991] [[0;32m  OK  [0m] Started Daily apt upgrade and clean activities.
[[0;32m  OK  [0m] Started Daily Cleanup of Temporary Directories.
[[0;32m  OK  [0m] Reached target Timers.
cloud-init[960]: Generating public/private rsa key pair.
[    8.156476]          Starting LXD - unix socket.
[[0;32m  OK  [0m] Listening on UUID daemon activation socket.
         Starting Socket activation for snappy daemon.
cloud-init[960]: Your identification has been saved in /etc/ssh/ssh_host_rsa_key.
[    8.162480] cloud-init[960]: Your public key has been saved in /etc/ssh/ssh_host_rsa_key.pub.
[    8.163967] cloud-init[960]: The key fingerprint is:
[    8.172308] cloud-init[960]: SHA256:eQXh7nA8yibItrzDGYEkLZCVL7IterVkJdnbgHyINMg root@ubuntu-xenial
[    8.174090] cloud-init[960]: The key's randomart image is:
[    8.175531] cloud-init[960]: [[0;32m  OK  [0m] Listening on LXD - unix socket.
[[0;32m  OK  [0m] Listening on Socket activation for snappy daemon.
+---[RSA 2048]----+
[    8.178932] cloud-init[960]: |+=..      o.     |
[    8.180516] cloud-init[960]: |=E*      . .     |
[    8.182251] cloud-init[960]: | = * =    . .    |
[    8.184539] cloud-init[960]: |. + O =  + .     |[[0;32m  OK  [0m] Reached target Sockets.
[[0;32m  OK  [0m] Reached target Basic System.

[    8.186297]          Starting LSB: MD monitoring daemon...
cloud-init[960]: | + . = +S *      |
[    8.187617] cloud-init[960]: |o ..=....* .     |
[    8.190828] [[0;32m  OK  [0m] Started ACPI event daemon.
[[0;32m  OK  [0m] Started Unattended Upgrades Shutdown.
         Starting /etc/rc.local Compatibility...
cloud-init[960]: |.. =++. + .      |[[0;32m  OK  [0m] Started Regular background program processing daemon.
         Starting Snappy daemon...
         Starting Pollinate to seed the pseudo random number generator...
         Starting LXD - container startup/shutdown...
         Starting System Logging Service...
[[0;32m  OK  [0m] Started FUSE filesystem for LXC.
[[0;32m  OK  [0m] Started D-Bus System Message Bus.

[    8.204293] cloud-init[960]: |. .o=. o         |
[    8.206451] cloud-init[960]: | .  +o           |
[    8.208423] cloud-init[960]: +----[SHA256]-----+
[    8.209518] cloud-init[960]: Generating public/private dsa key pair.
[    8.210618] cloud-init[960]: Your identification has been saved in /etc/ssh/ssh_host_dsa_key.
[    8.224284] cloud-init[960]: Your public key has been saved in /etc/ssh/ssh_host_dsa_key.pub.
[    8.227562] cloud-init[960]: The key fingerprint is:
[    8.228997] cloud-init[960]: SHA256:pvlbbXdwtBtolR2KZ/aHyWnxGSseBjPhOIpgsZi4AAk root@ubuntu-xenial
[    8.234415] cloud-init[960]: The key's randomart image is:
[    8.245866] cloud-init[960]: +---[DSA 1024]----+
[    8.248261] cloud-init[960]: |E. .       .   . |
[    8.250576] cloud-init[960]: |+ o o     o o . +|
[    8.251823] cloud-init[960]: |oo +     o * =.+o|
[    8.253462] cloud-init[960]: |... . . . . B.+B=|
[    8.272327]          cloud-initStarting LSB: Record successful boot for GRUB...[960]: 
|.    . .S    *B*+|
[    8.283525]          Starting Accounts Service...
cloud-init[960]: |       +   .+.oo+|
         Starting Virtualbox guest utils...
[    8.325208] cloud-init[960]: |      o   . o....|
[    8.359759] cloud-init[960]: |       . . . . . |
[    8.360783] cloud-init[960]: |        o.       |
[    8.361751] cloud-init[960]: +----[SHA256]-----+
[    8.362899] cloud-init[960]: Generating public/private ecdsa key pair.
[    8.364851] cloud-init[960]: Your identification has been saved in /etc/ssh/ssh_host_ecdsa_key.
[    8.366632] cloud-init[960]: Your public key has been saved in /etc/ssh/ssh_host_ecdsa_key.pub.         Starting Login Service...

[    8.369127] [[0;32m  OK  [0m] Started Deferred execution scheduler.
cloud-init[960]: The key fingerprint is:
[    8.370872] cloud-init[960]: SHA256:YpK/o/K76rKlvRgYaXihWjSqeVtxeCLQxJFrykjZNNA root@ubuntu-xenial
[[0;32m  OK  [0m] Started System Logging Service.
[    8.372951] [[0;32m  OK  [0m] Started iSCSI initiator daemon (iscsid).
cloud-init[[0;32m  OK  [0m] Started /etc/rc.local Compatibility.
[960]: [[0;32m  OK  [0m] Started LXD - container startup/shutdown.
The key's randomart image is:
[    8.376643] cloud-init[960]: +---[ECDSA 256]---+
[    8.378627] cloud-init[960]: | o=o             |
[    8.380560] cloud-init[960]: | ooE             |
[    8.381577] cloud-init[960]: |. O..            |
[    8.383569] cloud-init[960]: |.Oo+ o           |
[    8.384997] cloud-init[960]: |X++ * = S        |
[    8.386436] cloud-init[960]: |B* . O .         |
[    8.387397] cloud-init[960]: |* o . .          |
[    8.388328] cloud-init[960]: |.B.o  ..         |
[    8.389352] cloud-init[960]: |++*==+..         |
[    8.390541] cloud-init[960]: +----[SHA256]-----+
[    8.391763] cloud-init[960]: Generating public/private ed25519 key pair.
[    8.398730] cloud-init[960]: Your identification has been saved in /etc/ssh/ssh_host_ed25519_key.
[    8.400111] cloud-init[960]: Your public key has been saved in /etc/ssh/ssh_host_ed25519_key.pub.
[    8.401473] cloud-init[960]: The key fingerprint is:
[    8.402496] cloud-init[960]: SHA256:LioV74gYyDWtXkT2jDrfIH6tfRstcQ0oyzLlgKUDTY8 root@ubuntu-xenial
[    8.404339] cloud-init[960]: The key's randomart image is:
[    8.405439] cloud-init[960]: +--[ED25519 256]--+
[    8.406335] cloud-init[960]: | .o. .           |
[    8.408156] cloud-init[960]: |  ..*o    .      |
[    8.409204] cloud-init[960]: |   E+o+o . .     |
[    8.410027] cloud-init[960]: |   oo+=oo   o    |
[    8.410811] cloud-init[960]: |o . == +S. . .   |
[    8.411592] cloud-init[960]: |o. =.o+.  +      |
[    8.412442] cloud-init[960]: | ooo=o= .o .     |
[    8.413230] cloud-init[960]: |. oo.+o+ .o      |
[    8.414259] cloud-init[960]: |   .o......      |
[    8.415395] cloud-init[960]: +----[SHA256]-----+
         Starting Authenticate and Authorize Users to Run Privileged Tasks...
         Starting Login to default iSCSI targets...
[[0;32m  OK  [0m] Started LSB: MD monitoring daemon.
[[0;32m  OK  [0m] Started LSB: Record successful boot for GRUB.
[[0;32m  OK  [0m] Started Login Service.
[[0;32m  OK  [0m] Started Login to default iSCSI targets.
[[0;32m  OK  [0m] Started Virtualbox guest utils.
[[0;32m  OK  [0m] Started Snappy daemon.
[[0;32m  OK  [0m] Started Authenticate and Authorize Users to Run Privileged Tasks.
[[0;32m  OK  [0m] Started Accounts Service.
         Starting Wait until snapd is fully seeded...
[[0;32m  OK  [0m] Reached target Remote File Systems (Pre).
[[0;32m  OK  [0m] Reached target Remote File Systems.
         Starting Permit User Sessions...
         Starting LSB: daemon to balance interrupts for SMP systems...
         Starting LSB: automatic crash report generation...
         Starting LSB: Set the CPU Frequency Scaling governor to "ondemand"...
[[0;32m  OK  [0m] Started Permit User Sessions.
         Starting Hold until boot process finishes up...
         Starting Terminate Plymouth Boot Screen...
[[0;32m  OK  [0m] Started Hold until boot process finishes up.
[[0;32m  OK  [0m] Started LSB: Set the CPU Frequency Scaling governor to "ondemand".
[[0;32m  OK  [0m] Started LSB: daemon to balance interrupts for SMP systems.
[[0;32m  OK  [0m] Started LSB: automatic crash report generation.
[[0;32m  OK  [0m] Started Terminate Plymouth Boot Screen.
         Starting Set console scheme...
[[0;32m  OK  [0m] Started Getty on tty1.
[[0;32m  OK  [0m] Started Serial Getty on ttyS0.
[[0;32m  OK  [0m] Reached target Login Prompts.
[[0;32m  OK  [0m] Started Set console scheme.
[[0;32m  OK  [0m] Started Pollinate to seed the pseudo random number generator.
         Starting OpenBSD Secure Shell server...
[[0;32m  OK  [0m] Started OpenBSD Secure Shell server.
[[0;32m  OK  [0m] Started Wait until snapd is fully seeded.
         Starting Apply the settings specified in cloud-config...
[[0;32m  OK  [0m] Reached target Multi-User System.
[[0;32m  OK  [0m] Reached target Graphical Interface.
         Starting Update UTMP about System Runlevel Changes...
[[0;32m  OK  [0m] Started Update UTMP about System Runlevel Changes.
[   11.355552] cloud-init[1298]: Generating locales (this might take a while)...
[[0;32m  OK  [0m] Created slice User Slice of vagrant.
         Starting User Manager for UID 1000...
[[0;32m  OK  [0m] Started Session 1 of user vagrant.
[[0;32m  OK  [0m] Started User Manager for UID 1000.
[   12.090352] cloud-init[1298]:   en_US.UTF-8... done
[   12.092400] cloud-init[1298]: Generation complete.
[   12.307065] cloud-init[1298]: Cloud-init v. 18.5-45-g3554ffe8-0ubuntu1~16.04.1 running 'modules:config' at Thu, 21 Mar 2019 20:37:07 +0000. Up 11.25 seconds.
[[0;32m  OK  [0m] Started Apply the settings specified in cloud-config.
         Starting Execute cloud user/final scripts...
ci-info: no authorized ssh keys fingerprints found for user ubuntu.
<14>Mar 21 20:37:09 ec2: 
<14>Mar 21 20:37:09 ec2: #############################################################
<14>Mar 21 20:37:09 ec2: -----BEGIN SSH HOST KEY FINGERPRINTS-----
<14>Mar 21 20:37:09 ec2: 1024 SHA256:pvlbbXdwtBtolR2KZ/aHyWnxGSseBjPhOIpgsZi4AAk root@ubuntu-xenial (DSA)
<14>Mar 21 20:37:09 ec2: 256 SHA256:YpK/o/K76rKlvRgYaXihWjSqeVtxeCLQxJFrykjZNNA root@ubuntu-xenial (ECDSA)
<14>Mar 21 20:37:09 ec2: 256 SHA256:LioV74gYyDWtXkT2jDrfIH6tfRstcQ0oyzLlgKUDTY8 root@ubuntu-xenial (ED25519)
<14>Mar 21 20:37:09 ec2: 2048 SHA256:eQXh7nA8yibItrzDGYEkLZCVL7IterVkJdnbgHyINMg root@ubuntu-xenial (RSA)
<14>Mar 21 20:37:09 ec2: -----END SSH HOST KEY FINGERPRINTS-----
<14>Mar 21 20:37:09 ec2: #############################################################
-----BEGIN SSH HOST KEY KEYS-----
ecdsa-sha2-nistp256 AAAAE2VjZHNhLXNoYTItbmlzdHAyNTYAAAAIbmlzdHAyNTYAAABBBN6Nekxi438clfcNwiwh2b8uOSJCDuGDJgkhJFByNfs4Tkf1IK8EMSbv634e48Av9GvK6ZvhqA+62mmcpK0SWVw= root@ubuntu-xenial
ssh-ed25519 AAAAC3NzaC1lZDI1NTE5AAAAIJmcUg636P9IE6+LDBpLzvTIFH7e+1eoVC39UXBu8She root@ubuntu-xenial
ssh-rsa AAAAB3NzaC1yc2EAAAADAQABAAABAQDHgyUWuX8qG3dAl+311j3YZQ7t/BwLDeO0sZiHrEeGVdBKariO5+TCCVcsbjktqPdecUOIgzAShMRIKqy/9h/JcHffawVLd2W48uP1GV6VQWqS3fUPxo4d5rRBt0kt+KKSXev1pSgTFXTa2b69ovVAiF5TlVdTD5m57fhjmeV/5f6GVePMz5TtdP03OP3XS0PHNi0yuauorMa5z2C6ThQsJLS9AhPOrssWEyxiJ3s+pPvra2dJi2kYqOgCQ+zJjn5X0yZm5IYaC6wAvlIYFpeTH+ER0rBTjQCMupO/wPW5eNGqAwOq1Iu0XtOgSp6WPjLi3L2ySHTYbVRodhdEnfgn root@ubuntu-xenial
-----END SSH HOST KEY KEYS-----
[   12.693044] cloud-init[1417]: Cloud-init v. 18.5-45-g3554ffe8-0ubuntu1~16.04.1 running 'modules:final' at Thu, 21 Mar 2019 20:37:09 +0000. Up 12.54 seconds.
[   12.704419] cloud-init[1417]: ci-info: no authorized ssh keys fingerprints found for user ubuntu.
[   12.713084] cloud-init[1417]: Cloud-init v. 18.5-45-g3554ffe8-0ubuntu1~16.04.1 finished at Thu, 21 Mar 2019 20:37:09 +0000. Datasource DataSourceNoCloud [seed=/dev/sdb][dsmode=net].  Up 12.68 seconds
[[0;32m  OK  [0m] Started Execute cloud user/final scripts.
[[0;32m  OK  [0m] Reached target Cloud-init target.

Ubuntu 16.04.6 LTS ubuntu-xenial ttyS0

ubuntu-xenial login: 